[2026-04-24T11:24:03.307+0000] {taskinstance.py:1956} INFO - Dependencies all met for dep_context=non-requeueable deps ti=<TaskInstance: batch_pipeline.health_check scheduled__2026-04-24T11:22:00+00:00 [queued]>
[2026-04-24T11:24:03.320+0000] {taskinstance.py:1956} INFO - Dependencies all met for dep_context=requeueable deps ti=<TaskInstance: batch_pipeline.health_check scheduled__2026-04-24T11:22:00+00:00 [queued]>
[2026-04-24T11:24:03.321+0000] {taskinstance.py:2170} INFO - Starting attempt 1 of 2
[2026-04-24T11:24:03.341+0000] {taskinstance.py:2191} INFO - Executing <Task(PythonOperator): health_check> on 2026-04-24 11:22:00+00:00
[2026-04-24T11:24:03.350+0000] {standard_task_runner.py:60} INFO - Started process 82 to run task
[2026-04-24T11:24:03.353+0000] {standard_task_runner.py:87} INFO - Running: ['***', 'tasks', 'run', 'batch_pipeline', 'health_check', 'scheduled__2026-04-24T11:22:00+00:00', '--job-id', '15', '--raw', '--subdir', 'DAGS_FOLDER/batch_pipeline_dag.py', '--cfg-path', '/tmp/tmpv063nt1t']
[2026-04-24T11:24:03.354+0000] {standard_task_runner.py:88} INFO - Job 15: Subtask health_check
[2026-04-24T11:24:03.421+0000] {task_command.py:423} INFO - Running <TaskInstance: batch_pipeline.health_check scheduled__2026-04-24T11:22:00+00:00 [running]> on host f50b9da99e5a
[2026-04-24T11:24:03.537+0000] {taskinstance.py:2480} INFO - Exporting env vars: AIRFLOW_CTX_DAG_OWNER='ikram' AIRFLOW_CTX_DAG_ID='batch_pipeline' AIRFLOW_CTX_TASK_ID='health_check' AIRFLOW_CTX_EXECUTION_DATE='2026-04-24T11:22:00+00:00' AIRFLOW_CTX_TRY_NUMBER='1' AIRFLOW_CTX_DAG_RUN_ID='scheduled__2026-04-24T11:22:00+00:00'
[2026-04-24T11:24:03.538+0000] {logging_mixin.py:188} INFO - ✅ Health check OK - current batch value: 5
[2026-04-24T11:24:03.538+0000] {python.py:201} INFO - Done. Returned value was: healthy
[2026-04-24T11:24:03.570+0000] {taskinstance.py:1138} INFO - Marking task as SUCCESS. dag_id=batch_pipeline, task_id=health_check, execution_date=20260424T112200, start_date=20260424T112403, end_date=20260424T112403
[2026-04-24T11:24:03.607+0000] {local_task_job_runner.py:234} INFO - Task exited with return code 0
[2026-04-24T11:24:03.633+0000] {taskinstance.py:3280} INFO - 1 downstream tasks scheduled from follow-on schedule check
[2026-04-24T11:26:07.513+0000] {taskinstance.py:1956} INFO - Dependencies all met for dep_context=non-requeueable deps ti=<TaskInstance: batch_pipeline.health_check scheduled__2026-04-24T11:22:00+00:00 [queued]>
[2026-04-24T11:26:07.534+0000] {taskinstance.py:1956} INFO - Dependencies all met for dep_context=requeueable deps ti=<TaskInstance: batch_pipeline.health_check scheduled__2026-04-24T11:22:00+00:00 [queued]>
[2026-04-24T11:26:07.534+0000] {taskinstance.py:2170} INFO - Starting attempt 1 of 2
[2026-04-24T11:26:07.560+0000] {taskinstance.py:2191} INFO - Executing <Task(PythonOperator): health_check> on 2026-04-24 11:22:00+00:00
[2026-04-24T11:26:07.567+0000] {standard_task_runner.py:60} INFO - Started process 53 to run task
[2026-04-24T11:26:07.573+0000] {standard_task_runner.py:87} INFO - Running: ['***', 'tasks', 'run', 'batch_pipeline', 'health_check', 'scheduled__2026-04-24T11:22:00+00:00', '--job-id', '4', '--raw', '--subdir', 'DAGS_FOLDER/batch_pipeline_dag.py', '--cfg-path', '/tmp/tmpsg9blbep']
[2026-04-24T11:26:07.576+0000] {standard_task_runner.py:88} INFO - Job 4: Subtask health_check
[2026-04-24T11:26:07.670+0000] {task_command.py:423} INFO - Running <TaskInstance: batch_pipeline.health_check scheduled__2026-04-24T11:22:00+00:00 [running]> on host 7f1c9a6b61b7
[2026-04-24T11:26:07.836+0000] {taskinstance.py:2480} INFO - Exporting env vars: AIRFLOW_CTX_DAG_OWNER='ikram' AIRFLOW_CTX_DAG_ID='batch_pipeline' AIRFLOW_CTX_TASK_ID='health_check' AIRFLOW_CTX_EXECUTION_DATE='2026-04-24T11:22:00+00:00' AIRFLOW_CTX_TRY_NUMBER='1' AIRFLOW_CTX_DAG_RUN_ID='scheduled__2026-04-24T11:22:00+00:00'
[2026-04-24T11:26:07.838+0000] {logging_mixin.py:188} INFO - ✅ Health check OK - current batch value: 2
[2026-04-24T11:26:07.839+0000] {python.py:201} INFO - Done. Returned value was: healthy
[2026-04-24T11:26:07.886+0000] {taskinstance.py:1138} INFO - Marking task as SUCCESS. dag_id=batch_pipeline, task_id=health_check, execution_date=20260424T112200, start_date=20260424T112607, end_date=20260424T112607
[2026-04-24T11:26:07.948+0000] {local_task_job_runner.py:234} INFO - Task exited with return code 0
[2026-04-24T11:26:07.982+0000] {taskinstance.py:3280} INFO - 1 downstream tasks scheduled from follow-on schedule check
