[2026-04-24T11:24:04.759+0000] {taskinstance.py:1956} INFO - Dependencies all met for dep_context=non-requeueable deps ti=<TaskInstance: batch_pipeline.notify_complete scheduled__2026-04-24T11:22:00+00:00 [queued]>
[2026-04-24T11:24:04.779+0000] {taskinstance.py:1956} INFO - Dependencies all met for dep_context=requeueable deps ti=<TaskInstance: batch_pipeline.notify_complete scheduled__2026-04-24T11:22:00+00:00 [queued]>
[2026-04-24T11:24:04.782+0000] {taskinstance.py:2170} INFO - Starting attempt 1 of 2
[2026-04-24T11:24:04.817+0000] {taskinstance.py:2191} INFO - Executing <Task(BashOperator): notify_complete> on 2026-04-24 11:22:00+00:00
[2026-04-24T11:24:04.827+0000] {standard_task_runner.py:60} INFO - Started process 84 to run task
[2026-04-24T11:24:04.839+0000] {standard_task_runner.py:87} INFO - Running: ['***', 'tasks', 'run', 'batch_pipeline', 'notify_complete', 'scheduled__2026-04-24T11:22:00+00:00', '--job-id', '16', '--raw', '--subdir', 'DAGS_FOLDER/batch_pipeline_dag.py', '--cfg-path', '/tmp/tmppp5hy08e']
[2026-04-24T11:24:04.840+0000] {standard_task_runner.py:88} INFO - Job 16: Subtask notify_complete
[2026-04-24T11:24:04.944+0000] {task_command.py:423} INFO - Running <TaskInstance: batch_pipeline.notify_complete scheduled__2026-04-24T11:22:00+00:00 [running]> on host f50b9da99e5a
[2026-04-24T11:24:05.170+0000] {taskinstance.py:2480} INFO - Exporting env vars: AIRFLOW_CTX_DAG_OWNER='ikram' AIRFLOW_CTX_DAG_ID='batch_pipeline' AIRFLOW_CTX_TASK_ID='notify_complete' AIRFLOW_CTX_EXECUTION_DATE='2026-04-24T11:22:00+00:00' AIRFLOW_CTX_TRY_NUMBER='1' AIRFLOW_CTX_DAG_RUN_ID='scheduled__2026-04-24T11:22:00+00:00'
[2026-04-24T11:24:05.172+0000] {subprocess.py:63} INFO - Tmp dir root location: /tmp
[2026-04-24T11:24:05.173+0000] {subprocess.py:75} INFO - Running command: ['/usr/bin/bash', '-c', 'echo "✅ Batch pipeline completed at $(date)"']
[2026-04-24T11:24:05.200+0000] {subprocess.py:86} INFO - Output:
[2026-04-24T11:24:05.206+0000] {subprocess.py:93} INFO - ✅ Batch pipeline completed at Fri Apr 24 11:24:05 UTC 2026
[2026-04-24T11:24:05.207+0000] {subprocess.py:97} INFO - Command exited with return code 0
[2026-04-24T11:24:05.243+0000] {taskinstance.py:1138} INFO - Marking task as SUCCESS. dag_id=batch_pipeline, task_id=notify_complete, execution_date=20260424T112200, start_date=20260424T112404, end_date=20260424T112405
[2026-04-24T11:24:05.292+0000] {local_task_job_runner.py:234} INFO - Task exited with return code 0
[2026-04-24T11:24:05.326+0000] {taskinstance.py:3280} INFO - 0 downstream tasks scheduled from follow-on schedule check
[2026-04-24T11:26:09.009+0000] {taskinstance.py:1956} INFO - Dependencies all met for dep_context=non-requeueable deps ti=<TaskInstance: batch_pipeline.notify_complete scheduled__2026-04-24T11:22:00+00:00 [queued]>
[2026-04-24T11:26:09.032+0000] {taskinstance.py:1956} INFO - Dependencies all met for dep_context=requeueable deps ti=<TaskInstance: batch_pipeline.notify_complete scheduled__2026-04-24T11:22:00+00:00 [queued]>
[2026-04-24T11:26:09.033+0000] {taskinstance.py:2170} INFO - Starting attempt 1 of 2
[2026-04-24T11:26:09.067+0000] {taskinstance.py:2191} INFO - Executing <Task(BashOperator): notify_complete> on 2026-04-24 11:22:00+00:00
[2026-04-24T11:26:09.075+0000] {standard_task_runner.py:60} INFO - Started process 57 to run task
[2026-04-24T11:26:09.082+0000] {standard_task_runner.py:87} INFO - Running: ['***', 'tasks', 'run', 'batch_pipeline', 'notify_complete', 'scheduled__2026-04-24T11:22:00+00:00', '--job-id', '7', '--raw', '--subdir', 'DAGS_FOLDER/batch_pipeline_dag.py', '--cfg-path', '/tmp/tmpjscogtvd']
[2026-04-24T11:26:09.083+0000] {standard_task_runner.py:88} INFO - Job 7: Subtask notify_complete
[2026-04-24T11:26:09.205+0000] {task_command.py:423} INFO - Running <TaskInstance: batch_pipeline.notify_complete scheduled__2026-04-24T11:22:00+00:00 [running]> on host 7f1c9a6b61b7
[2026-04-24T11:26:09.378+0000] {taskinstance.py:2480} INFO - Exporting env vars: AIRFLOW_CTX_DAG_OWNER='ikram' AIRFLOW_CTX_DAG_ID='batch_pipeline' AIRFLOW_CTX_TASK_ID='notify_complete' AIRFLOW_CTX_EXECUTION_DATE='2026-04-24T11:22:00+00:00' AIRFLOW_CTX_TRY_NUMBER='1' AIRFLOW_CTX_DAG_RUN_ID='scheduled__2026-04-24T11:22:00+00:00'
[2026-04-24T11:26:09.380+0000] {subprocess.py:63} INFO - Tmp dir root location: /tmp
[2026-04-24T11:26:09.381+0000] {subprocess.py:75} INFO - Running command: ['/usr/bin/bash', '-c', 'echo "✅ Batch pipeline completed at $(date)"']
[2026-04-24T11:26:09.405+0000] {subprocess.py:86} INFO - Output:
[2026-04-24T11:26:09.415+0000] {subprocess.py:93} INFO - ✅ Batch pipeline completed at Fri Apr 24 11:26:09 UTC 2026
[2026-04-24T11:26:09.416+0000] {subprocess.py:97} INFO - Command exited with return code 0
[2026-04-24T11:26:09.466+0000] {taskinstance.py:1138} INFO - Marking task as SUCCESS. dag_id=batch_pipeline, task_id=notify_complete, execution_date=20260424T112200, start_date=20260424T112609, end_date=20260424T112609
[2026-04-24T11:26:09.501+0000] {local_task_job_runner.py:234} INFO - Task exited with return code 0
[2026-04-24T11:26:09.536+0000] {taskinstance.py:3280} INFO - 0 downstream tasks scheduled from follow-on schedule check
