[2026-04-25T09:40:44.449+0000] {processor.py:161} INFO - Started process (PID=37) to work on /opt/airflow/dags/batch_pipeline_dag.py
[2026-04-25T09:40:44.450+0000] {processor.py:830} INFO - Processing file /opt/airflow/dags/batch_pipeline_dag.py for tasks to queue
[2026-04-25T09:40:44.453+0000] {logging_mixin.py:188} INFO - [2026-04-25T09:40:44.453+0000] {dagbag.py:538} INFO - Filling up the DagBag from /opt/airflow/dags/batch_pipeline_dag.py
[2026-04-25T09:40:44.483+0000] {processor.py:840} INFO - DAG(s) 'batch_pipeline' retrieved from /opt/airflow/dags/batch_pipeline_dag.py
[2026-04-25T09:40:44.538+0000] {logging_mixin.py:188} INFO - [2026-04-25T09:40:44.537+0000] {dag.py:3036} INFO - Sync 1 DAGs
[2026-04-25T09:40:44.657+0000] {processor.py:183} INFO - Processing /opt/airflow/dags/batch_pipeline_dag.py took 0.215 seconds
[2026-04-25T09:41:14.743+0000] {processor.py:161} INFO - Started process (PID=38) to work on /opt/airflow/dags/batch_pipeline_dag.py
[2026-04-25T09:41:14.746+0000] {processor.py:830} INFO - Processing file /opt/airflow/dags/batch_pipeline_dag.py for tasks to queue
[2026-04-25T09:41:14.749+0000] {logging_mixin.py:188} INFO - [2026-04-25T09:41:14.749+0000] {dagbag.py:538} INFO - Filling up the DagBag from /opt/airflow/dags/batch_pipeline_dag.py
[2026-04-25T09:41:14.769+0000] {processor.py:840} INFO - DAG(s) 'batch_pipeline' retrieved from /opt/airflow/dags/batch_pipeline_dag.py
[2026-04-25T09:41:14.989+0000] {logging_mixin.py:188} INFO - [2026-04-25T09:41:14.989+0000] {dag.py:3036} INFO - Sync 1 DAGs
[2026-04-25T09:41:15.031+0000] {logging_mixin.py:188} INFO - [2026-04-25T09:41:15.031+0000] {dag.py:3823} INFO - Setting next_dagrun for batch_pipeline to 2026-04-25 09:40:00+00:00, run_after=2026-04-25 09:42:00+00:00
[2026-04-25T09:41:15.068+0000] {processor.py:183} INFO - Processing /opt/airflow/dags/batch_pipeline_dag.py took 0.329 seconds
[2026-04-25T09:41:45.136+0000] {processor.py:161} INFO - Started process (PID=39) to work on /opt/airflow/dags/batch_pipeline_dag.py
[2026-04-25T09:41:45.137+0000] {processor.py:830} INFO - Processing file /opt/airflow/dags/batch_pipeline_dag.py for tasks to queue
[2026-04-25T09:41:45.139+0000] {logging_mixin.py:188} INFO - [2026-04-25T09:41:45.138+0000] {dagbag.py:538} INFO - Filling up the DagBag from /opt/airflow/dags/batch_pipeline_dag.py
[2026-04-25T09:41:45.155+0000] {processor.py:840} INFO - DAG(s) 'batch_pipeline' retrieved from /opt/airflow/dags/batch_pipeline_dag.py
[2026-04-25T09:41:45.189+0000] {logging_mixin.py:188} INFO - [2026-04-25T09:41:45.189+0000] {dag.py:3036} INFO - Sync 1 DAGs
[2026-04-25T09:41:45.228+0000] {logging_mixin.py:188} INFO - [2026-04-25T09:41:45.228+0000] {dag.py:3823} INFO - Setting next_dagrun for batch_pipeline to 2026-04-25 09:40:00+00:00, run_after=2026-04-25 09:42:00+00:00
[2026-04-25T09:41:45.256+0000] {processor.py:183} INFO - Processing /opt/airflow/dags/batch_pipeline_dag.py took 0.124 seconds
[2026-04-25T09:42:15.467+0000] {processor.py:161} INFO - Started process (PID=40) to work on /opt/airflow/dags/batch_pipeline_dag.py
[2026-04-25T09:42:15.468+0000] {processor.py:830} INFO - Processing file /opt/airflow/dags/batch_pipeline_dag.py for tasks to queue
[2026-04-25T09:42:15.472+0000] {logging_mixin.py:188} INFO - [2026-04-25T09:42:15.472+0000] {dagbag.py:538} INFO - Filling up the DagBag from /opt/airflow/dags/batch_pipeline_dag.py
[2026-04-25T09:42:15.487+0000] {processor.py:840} INFO - DAG(s) 'batch_pipeline' retrieved from /opt/airflow/dags/batch_pipeline_dag.py
[2026-04-25T09:42:15.530+0000] {logging_mixin.py:188} INFO - [2026-04-25T09:42:15.530+0000] {dag.py:3036} INFO - Sync 1 DAGs
[2026-04-25T09:42:15.571+0000] {logging_mixin.py:188} INFO - [2026-04-25T09:42:15.571+0000] {dag.py:3823} INFO - Setting next_dagrun for batch_pipeline to 2026-04-25 09:42:00+00:00, run_after=2026-04-25 09:44:00+00:00
[2026-04-25T09:42:15.600+0000] {processor.py:183} INFO - Processing /opt/airflow/dags/batch_pipeline_dag.py took 0.136 seconds
[2026-04-25T09:43:12.564+0000] {processor.py:161} INFO - Started process (PID=29) to work on /opt/airflow/dags/batch_pipeline_dag.py
[2026-04-25T09:43:12.568+0000] {processor.py:830} INFO - Processing file /opt/airflow/dags/batch_pipeline_dag.py for tasks to queue
[2026-04-25T09:43:12.579+0000] {logging_mixin.py:188} INFO - [2026-04-25T09:43:12.578+0000] {dagbag.py:538} INFO - Filling up the DagBag from /opt/airflow/dags/batch_pipeline_dag.py
[2026-04-25T09:43:12.643+0000] {processor.py:840} INFO - DAG(s) 'batch_pipeline' retrieved from /opt/airflow/dags/batch_pipeline_dag.py
[2026-04-25T09:43:13.430+0000] {logging_mixin.py:188} INFO - [2026-04-25T09:43:13.430+0000] {dag.py:3036} INFO - Sync 1 DAGs
[2026-04-25T09:43:13.495+0000] {logging_mixin.py:188} INFO - [2026-04-25T09:43:13.494+0000] {dag.py:3823} INFO - Setting next_dagrun for batch_pipeline to 2026-04-25 09:42:00+00:00, run_after=2026-04-25 09:44:00+00:00
[2026-04-25T09:43:13.599+0000] {processor.py:183} INFO - Processing /opt/airflow/dags/batch_pipeline_dag.py took 1.041 seconds
[2026-04-25T09:43:43.872+0000] {processor.py:161} INFO - Started process (PID=30) to work on /opt/airflow/dags/batch_pipeline_dag.py
[2026-04-25T09:43:43.875+0000] {processor.py:830} INFO - Processing file /opt/airflow/dags/batch_pipeline_dag.py for tasks to queue
[2026-04-25T09:43:43.879+0000] {logging_mixin.py:188} INFO - [2026-04-25T09:43:43.878+0000] {dagbag.py:538} INFO - Filling up the DagBag from /opt/airflow/dags/batch_pipeline_dag.py
[2026-04-25T09:43:43.909+0000] {processor.py:840} INFO - DAG(s) 'batch_pipeline' retrieved from /opt/airflow/dags/batch_pipeline_dag.py
[2026-04-25T09:43:43.970+0000] {logging_mixin.py:188} INFO - [2026-04-25T09:43:43.970+0000] {dag.py:3036} INFO - Sync 1 DAGs
[2026-04-25T09:43:44.031+0000] {logging_mixin.py:188} INFO - [2026-04-25T09:43:44.031+0000] {dag.py:3823} INFO - Setting next_dagrun for batch_pipeline to 2026-04-25 09:42:00+00:00, run_after=2026-04-25 09:44:00+00:00
[2026-04-25T09:43:44.146+0000] {processor.py:183} INFO - Processing /opt/airflow/dags/batch_pipeline_dag.py took 0.282 seconds
[2026-04-25T09:44:14.399+0000] {processor.py:161} INFO - Started process (PID=31) to work on /opt/airflow/dags/batch_pipeline_dag.py
[2026-04-25T09:44:14.401+0000] {processor.py:830} INFO - Processing file /opt/airflow/dags/batch_pipeline_dag.py for tasks to queue
[2026-04-25T09:44:14.404+0000] {logging_mixin.py:188} INFO - [2026-04-25T09:44:14.404+0000] {dagbag.py:538} INFO - Filling up the DagBag from /opt/airflow/dags/batch_pipeline_dag.py
[2026-04-25T09:44:14.432+0000] {processor.py:840} INFO - DAG(s) 'batch_pipeline' retrieved from /opt/airflow/dags/batch_pipeline_dag.py
[2026-04-25T09:44:14.494+0000] {logging_mixin.py:188} INFO - [2026-04-25T09:44:14.494+0000] {dag.py:3036} INFO - Sync 1 DAGs
[2026-04-25T09:44:14.566+0000] {logging_mixin.py:188} INFO - [2026-04-25T09:44:14.565+0000] {dag.py:3823} INFO - Setting next_dagrun for batch_pipeline to 2026-04-25 09:44:00+00:00, run_after=2026-04-25 09:46:00+00:00
[2026-04-25T09:44:14.609+0000] {processor.py:183} INFO - Processing /opt/airflow/dags/batch_pipeline_dag.py took 0.217 seconds
[2026-04-25T09:44:44.657+0000] {processor.py:161} INFO - Started process (PID=32) to work on /opt/airflow/dags/batch_pipeline_dag.py
[2026-04-25T09:44:44.660+0000] {processor.py:830} INFO - Processing file /opt/airflow/dags/batch_pipeline_dag.py for tasks to queue
[2026-04-25T09:44:44.664+0000] {logging_mixin.py:188} INFO - [2026-04-25T09:44:44.663+0000] {dagbag.py:538} INFO - Filling up the DagBag from /opt/airflow/dags/batch_pipeline_dag.py
[2026-04-25T09:44:44.687+0000] {processor.py:840} INFO - DAG(s) 'batch_pipeline' retrieved from /opt/airflow/dags/batch_pipeline_dag.py
[2026-04-25T09:44:44.734+0000] {logging_mixin.py:188} INFO - [2026-04-25T09:44:44.733+0000] {dag.py:3036} INFO - Sync 1 DAGs
[2026-04-25T09:44:44.778+0000] {logging_mixin.py:188} INFO - [2026-04-25T09:44:44.777+0000] {dag.py:3823} INFO - Setting next_dagrun for batch_pipeline to 2026-04-25 09:44:00+00:00, run_after=2026-04-25 09:46:00+00:00
[2026-04-25T09:44:44.810+0000] {processor.py:183} INFO - Processing /opt/airflow/dags/batch_pipeline_dag.py took 0.157 seconds
[2026-04-25T09:45:14.886+0000] {processor.py:161} INFO - Started process (PID=33) to work on /opt/airflow/dags/batch_pipeline_dag.py
[2026-04-25T09:45:14.887+0000] {processor.py:830} INFO - Processing file /opt/airflow/dags/batch_pipeline_dag.py for tasks to queue
[2026-04-25T09:45:14.894+0000] {logging_mixin.py:188} INFO - [2026-04-25T09:45:14.893+0000] {dagbag.py:538} INFO - Filling up the DagBag from /opt/airflow/dags/batch_pipeline_dag.py
[2026-04-25T09:45:14.917+0000] {processor.py:840} INFO - DAG(s) 'batch_pipeline' retrieved from /opt/airflow/dags/batch_pipeline_dag.py
[2026-04-25T09:45:14.977+0000] {logging_mixin.py:188} INFO - [2026-04-25T09:45:14.976+0000] {dag.py:3036} INFO - Sync 1 DAGs
[2026-04-25T09:45:15.036+0000] {logging_mixin.py:188} INFO - [2026-04-25T09:45:15.035+0000] {dag.py:3823} INFO - Setting next_dagrun for batch_pipeline to 2026-04-25 09:44:00+00:00, run_after=2026-04-25 09:46:00+00:00
[2026-04-25T09:45:15.098+0000] {processor.py:183} INFO - Processing /opt/airflow/dags/batch_pipeline_dag.py took 0.218 seconds
[2026-04-25T09:45:45.251+0000] {processor.py:161} INFO - Started process (PID=34) to work on /opt/airflow/dags/batch_pipeline_dag.py
[2026-04-25T09:45:45.254+0000] {processor.py:830} INFO - Processing file /opt/airflow/dags/batch_pipeline_dag.py for tasks to queue
[2026-04-25T09:45:45.258+0000] {logging_mixin.py:188} INFO - [2026-04-25T09:45:45.257+0000] {dagbag.py:538} INFO - Filling up the DagBag from /opt/airflow/dags/batch_pipeline_dag.py
[2026-04-25T09:45:45.285+0000] {processor.py:840} INFO - DAG(s) 'batch_pipeline' retrieved from /opt/airflow/dags/batch_pipeline_dag.py
[2026-04-25T09:45:45.338+0000] {logging_mixin.py:188} INFO - [2026-04-25T09:45:45.338+0000] {dag.py:3036} INFO - Sync 1 DAGs
[2026-04-25T09:45:45.416+0000] {logging_mixin.py:188} INFO - [2026-04-25T09:45:45.415+0000] {dag.py:3823} INFO - Setting next_dagrun for batch_pipeline to 2026-04-25 09:44:00+00:00, run_after=2026-04-25 09:46:00+00:00
[2026-04-25T09:45:45.452+0000] {processor.py:183} INFO - Processing /opt/airflow/dags/batch_pipeline_dag.py took 0.205 seconds
[2026-04-25T09:46:15.582+0000] {processor.py:161} INFO - Started process (PID=35) to work on /opt/airflow/dags/batch_pipeline_dag.py
[2026-04-25T09:46:15.583+0000] {processor.py:830} INFO - Processing file /opt/airflow/dags/batch_pipeline_dag.py for tasks to queue
[2026-04-25T09:46:15.585+0000] {logging_mixin.py:188} INFO - [2026-04-25T09:46:15.585+0000] {dagbag.py:538} INFO - Filling up the DagBag from /opt/airflow/dags/batch_pipeline_dag.py
[2026-04-25T09:46:15.600+0000] {processor.py:840} INFO - DAG(s) 'batch_pipeline' retrieved from /opt/airflow/dags/batch_pipeline_dag.py
[2026-04-25T09:46:15.634+0000] {logging_mixin.py:188} INFO - [2026-04-25T09:46:15.634+0000] {dag.py:3036} INFO - Sync 1 DAGs
[2026-04-25T09:46:15.683+0000] {logging_mixin.py:188} INFO - [2026-04-25T09:46:15.683+0000] {dag.py:3823} INFO - Setting next_dagrun for batch_pipeline to 2026-04-25 09:46:00+00:00, run_after=2026-04-25 09:48:00+00:00
[2026-04-25T09:46:15.712+0000] {processor.py:183} INFO - Processing /opt/airflow/dags/batch_pipeline_dag.py took 0.135 seconds
[2026-04-25T09:46:45.911+0000] {processor.py:161} INFO - Started process (PID=36) to work on /opt/airflow/dags/batch_pipeline_dag.py
[2026-04-25T09:46:45.914+0000] {processor.py:830} INFO - Processing file /opt/airflow/dags/batch_pipeline_dag.py for tasks to queue
[2026-04-25T09:46:45.917+0000] {logging_mixin.py:188} INFO - [2026-04-25T09:46:45.916+0000] {dagbag.py:538} INFO - Filling up the DagBag from /opt/airflow/dags/batch_pipeline_dag.py
[2026-04-25T09:46:45.934+0000] {processor.py:840} INFO - DAG(s) 'batch_pipeline' retrieved from /opt/airflow/dags/batch_pipeline_dag.py
[2026-04-25T09:46:45.973+0000] {logging_mixin.py:188} INFO - [2026-04-25T09:46:45.973+0000] {dag.py:3036} INFO - Sync 1 DAGs
[2026-04-25T09:46:46.016+0000] {logging_mixin.py:188} INFO - [2026-04-25T09:46:46.016+0000] {dag.py:3823} INFO - Setting next_dagrun for batch_pipeline to 2026-04-25 09:46:00+00:00, run_after=2026-04-25 09:48:00+00:00
[2026-04-25T09:46:46.052+0000] {processor.py:183} INFO - Processing /opt/airflow/dags/batch_pipeline_dag.py took 0.148 seconds
[2026-04-25T09:47:16.142+0000] {processor.py:161} INFO - Started process (PID=37) to work on /opt/airflow/dags/batch_pipeline_dag.py
[2026-04-25T09:47:16.144+0000] {processor.py:830} INFO - Processing file /opt/airflow/dags/batch_pipeline_dag.py for tasks to queue
[2026-04-25T09:47:16.146+0000] {logging_mixin.py:188} INFO - [2026-04-25T09:47:16.146+0000] {dagbag.py:538} INFO - Filling up the DagBag from /opt/airflow/dags/batch_pipeline_dag.py
[2026-04-25T09:47:16.167+0000] {processor.py:840} INFO - DAG(s) 'batch_pipeline' retrieved from /opt/airflow/dags/batch_pipeline_dag.py
[2026-04-25T09:47:16.202+0000] {logging_mixin.py:188} INFO - [2026-04-25T09:47:16.202+0000] {dag.py:3036} INFO - Sync 1 DAGs
[2026-04-25T09:47:16.237+0000] {logging_mixin.py:188} INFO - [2026-04-25T09:47:16.236+0000] {dag.py:3823} INFO - Setting next_dagrun for batch_pipeline to 2026-04-25 09:46:00+00:00, run_after=2026-04-25 09:48:00+00:00
[2026-04-25T09:47:16.268+0000] {processor.py:183} INFO - Processing /opt/airflow/dags/batch_pipeline_dag.py took 0.130 seconds
[2026-04-25T09:47:39.562+0000] {processor.py:161} INFO - Started process (PID=39) to work on /opt/airflow/dags/batch_pipeline_dag.py
[2026-04-25T09:47:39.563+0000] {processor.py:830} INFO - Processing file /opt/airflow/dags/batch_pipeline_dag.py for tasks to queue
[2026-04-25T09:47:39.566+0000] {logging_mixin.py:188} INFO - [2026-04-25T09:47:39.565+0000] {dagbag.py:538} INFO - Filling up the DagBag from /opt/airflow/dags/batch_pipeline_dag.py
[2026-04-25T09:47:39.582+0000] {processor.py:840} INFO - DAG(s) 'batch_pipeline' retrieved from /opt/airflow/dags/batch_pipeline_dag.py
[2026-04-25T09:47:39.628+0000] {logging_mixin.py:188} INFO - [2026-04-25T09:47:39.628+0000] {dag.py:3036} INFO - Sync 1 DAGs
[2026-04-25T09:47:39.682+0000] {logging_mixin.py:188} INFO - [2026-04-25T09:47:39.681+0000] {dag.py:3823} INFO - Setting next_dagrun for batch_pipeline to 2026-04-25 09:46:00+00:00, run_after=2026-04-25 09:48:00+00:00
[2026-04-25T09:47:39.719+0000] {processor.py:183} INFO - Processing /opt/airflow/dags/batch_pipeline_dag.py took 0.167 seconds
[2026-04-25T09:48:09.865+0000] {processor.py:161} INFO - Started process (PID=40) to work on /opt/airflow/dags/batch_pipeline_dag.py
[2026-04-25T09:48:09.866+0000] {processor.py:830} INFO - Processing file /opt/airflow/dags/batch_pipeline_dag.py for tasks to queue
[2026-04-25T09:48:09.868+0000] {logging_mixin.py:188} INFO - [2026-04-25T09:48:09.867+0000] {dagbag.py:538} INFO - Filling up the DagBag from /opt/airflow/dags/batch_pipeline_dag.py
[2026-04-25T09:48:09.884+0000] {processor.py:840} INFO - DAG(s) 'batch_pipeline' retrieved from /opt/airflow/dags/batch_pipeline_dag.py
[2026-04-25T09:48:09.913+0000] {logging_mixin.py:188} INFO - [2026-04-25T09:48:09.912+0000] {dag.py:3036} INFO - Sync 1 DAGs
[2026-04-25T09:48:09.993+0000] {logging_mixin.py:188} INFO - [2026-04-25T09:48:09.993+0000] {dag.py:3823} INFO - Setting next_dagrun for batch_pipeline to 2026-04-25 09:48:00+00:00, run_after=2026-04-25 09:50:00+00:00
[2026-04-25T09:48:10.044+0000] {processor.py:183} INFO - Processing /opt/airflow/dags/batch_pipeline_dag.py took 0.186 seconds
[2026-04-25T09:48:40.338+0000] {processor.py:161} INFO - Started process (PID=41) to work on /opt/airflow/dags/batch_pipeline_dag.py
[2026-04-25T09:48:40.339+0000] {processor.py:830} INFO - Processing file /opt/airflow/dags/batch_pipeline_dag.py for tasks to queue
[2026-04-25T09:48:40.341+0000] {logging_mixin.py:188} INFO - [2026-04-25T09:48:40.340+0000] {dagbag.py:538} INFO - Filling up the DagBag from /opt/airflow/dags/batch_pipeline_dag.py
[2026-04-25T09:48:40.357+0000] {processor.py:840} INFO - DAG(s) 'batch_pipeline' retrieved from /opt/airflow/dags/batch_pipeline_dag.py
[2026-04-25T09:48:40.381+0000] {logging_mixin.py:188} INFO - [2026-04-25T09:48:40.380+0000] {dag.py:3036} INFO - Sync 1 DAGs
[2026-04-25T09:48:40.436+0000] {logging_mixin.py:188} INFO - [2026-04-25T09:48:40.435+0000] {dag.py:3823} INFO - Setting next_dagrun for batch_pipeline to 2026-04-25 09:48:00+00:00, run_after=2026-04-25 09:50:00+00:00
[2026-04-25T09:48:40.475+0000] {processor.py:183} INFO - Processing /opt/airflow/dags/batch_pipeline_dag.py took 0.149 seconds
[2026-04-25T09:49:10.605+0000] {processor.py:161} INFO - Started process (PID=42) to work on /opt/airflow/dags/batch_pipeline_dag.py
[2026-04-25T09:49:10.607+0000] {processor.py:830} INFO - Processing file /opt/airflow/dags/batch_pipeline_dag.py for tasks to queue
[2026-04-25T09:49:10.608+0000] {logging_mixin.py:188} INFO - [2026-04-25T09:49:10.608+0000] {dagbag.py:538} INFO - Filling up the DagBag from /opt/airflow/dags/batch_pipeline_dag.py
[2026-04-25T09:49:10.618+0000] {processor.py:840} INFO - DAG(s) 'batch_pipeline' retrieved from /opt/airflow/dags/batch_pipeline_dag.py
[2026-04-25T09:49:10.633+0000] {logging_mixin.py:188} INFO - [2026-04-25T09:49:10.633+0000] {dag.py:3036} INFO - Sync 1 DAGs
[2026-04-25T09:49:10.680+0000] {logging_mixin.py:188} INFO - [2026-04-25T09:49:10.680+0000] {dag.py:3823} INFO - Setting next_dagrun for batch_pipeline to 2026-04-25 09:48:00+00:00, run_after=2026-04-25 09:50:00+00:00
[2026-04-25T09:49:10.719+0000] {processor.py:183} INFO - Processing /opt/airflow/dags/batch_pipeline_dag.py took 0.118 seconds
[2026-04-25T09:49:40.922+0000] {processor.py:161} INFO - Started process (PID=43) to work on /opt/airflow/dags/batch_pipeline_dag.py
[2026-04-25T09:49:40.923+0000] {processor.py:830} INFO - Processing file /opt/airflow/dags/batch_pipeline_dag.py for tasks to queue
[2026-04-25T09:49:40.924+0000] {logging_mixin.py:188} INFO - [2026-04-25T09:49:40.924+0000] {dagbag.py:538} INFO - Filling up the DagBag from /opt/airflow/dags/batch_pipeline_dag.py
[2026-04-25T09:49:40.936+0000] {processor.py:840} INFO - DAG(s) 'batch_pipeline' retrieved from /opt/airflow/dags/batch_pipeline_dag.py
[2026-04-25T09:49:41.244+0000] {logging_mixin.py:188} INFO - [2026-04-25T09:49:41.244+0000] {dag.py:3036} INFO - Sync 1 DAGs
[2026-04-25T09:49:41.275+0000] {logging_mixin.py:188} INFO - [2026-04-25T09:49:41.274+0000] {dag.py:3823} INFO - Setting next_dagrun for batch_pipeline to 2026-04-25 09:48:00+00:00, run_after=2026-04-25 09:50:00+00:00
[2026-04-25T09:49:41.304+0000] {processor.py:183} INFO - Processing /opt/airflow/dags/batch_pipeline_dag.py took 0.387 seconds
[2026-04-25T09:50:11.521+0000] {processor.py:161} INFO - Started process (PID=44) to work on /opt/airflow/dags/batch_pipeline_dag.py
[2026-04-25T09:50:11.522+0000] {processor.py:830} INFO - Processing file /opt/airflow/dags/batch_pipeline_dag.py for tasks to queue
[2026-04-25T09:50:11.524+0000] {logging_mixin.py:188} INFO - [2026-04-25T09:50:11.523+0000] {dagbag.py:538} INFO - Filling up the DagBag from /opt/airflow/dags/batch_pipeline_dag.py
[2026-04-25T09:50:11.536+0000] {processor.py:840} INFO - DAG(s) 'batch_pipeline' retrieved from /opt/airflow/dags/batch_pipeline_dag.py
[2026-04-25T09:50:11.572+0000] {logging_mixin.py:188} INFO - [2026-04-25T09:50:11.572+0000] {dag.py:3036} INFO - Sync 1 DAGs
[2026-04-25T09:50:11.604+0000] {logging_mixin.py:188} INFO - [2026-04-25T09:50:11.604+0000] {dag.py:3823} INFO - Setting next_dagrun for batch_pipeline to 2026-04-25 09:50:00+00:00, run_after=2026-04-25 09:52:00+00:00
[2026-04-25T09:50:11.630+0000] {processor.py:183} INFO - Processing /opt/airflow/dags/batch_pipeline_dag.py took 0.116 seconds
[2026-04-25T09:50:41.748+0000] {processor.py:161} INFO - Started process (PID=45) to work on /opt/airflow/dags/batch_pipeline_dag.py
[2026-04-25T09:50:41.750+0000] {processor.py:830} INFO - Processing file /opt/airflow/dags/batch_pipeline_dag.py for tasks to queue
[2026-04-25T09:50:41.751+0000] {logging_mixin.py:188} INFO - [2026-04-25T09:50:41.751+0000] {dagbag.py:538} INFO - Filling up the DagBag from /opt/airflow/dags/batch_pipeline_dag.py
[2026-04-25T09:50:41.761+0000] {processor.py:840} INFO - DAG(s) 'batch_pipeline' retrieved from /opt/airflow/dags/batch_pipeline_dag.py
[2026-04-25T09:50:41.776+0000] {logging_mixin.py:188} INFO - [2026-04-25T09:50:41.776+0000] {dag.py:3036} INFO - Sync 1 DAGs
[2026-04-25T09:50:41.806+0000] {logging_mixin.py:188} INFO - [2026-04-25T09:50:41.805+0000] {dag.py:3823} INFO - Setting next_dagrun for batch_pipeline to 2026-04-25 09:50:00+00:00, run_after=2026-04-25 09:52:00+00:00
[2026-04-25T09:50:41.832+0000] {processor.py:183} INFO - Processing /opt/airflow/dags/batch_pipeline_dag.py took 0.088 seconds
[2026-04-25T09:51:12.007+0000] {processor.py:161} INFO - Started process (PID=46) to work on /opt/airflow/dags/batch_pipeline_dag.py
[2026-04-25T09:51:12.009+0000] {processor.py:830} INFO - Processing file /opt/airflow/dags/batch_pipeline_dag.py for tasks to queue
[2026-04-25T09:51:12.010+0000] {logging_mixin.py:188} INFO - [2026-04-25T09:51:12.010+0000] {dagbag.py:538} INFO - Filling up the DagBag from /opt/airflow/dags/batch_pipeline_dag.py
[2026-04-25T09:51:12.026+0000] {processor.py:840} INFO - DAG(s) 'batch_pipeline' retrieved from /opt/airflow/dags/batch_pipeline_dag.py
[2026-04-25T09:51:12.046+0000] {logging_mixin.py:188} INFO - [2026-04-25T09:51:12.046+0000] {dag.py:3036} INFO - Sync 1 DAGs
[2026-04-25T09:51:12.097+0000] {logging_mixin.py:188} INFO - [2026-04-25T09:51:12.097+0000] {dag.py:3823} INFO - Setting next_dagrun for batch_pipeline to 2026-04-25 09:50:00+00:00, run_after=2026-04-25 09:52:00+00:00
[2026-04-25T09:51:12.129+0000] {processor.py:183} INFO - Processing /opt/airflow/dags/batch_pipeline_dag.py took 0.129 seconds
[2026-04-25T09:51:42.264+0000] {processor.py:161} INFO - Started process (PID=47) to work on /opt/airflow/dags/batch_pipeline_dag.py
[2026-04-25T09:51:42.266+0000] {processor.py:830} INFO - Processing file /opt/airflow/dags/batch_pipeline_dag.py for tasks to queue
[2026-04-25T09:51:42.268+0000] {logging_mixin.py:188} INFO - [2026-04-25T09:51:42.267+0000] {dagbag.py:538} INFO - Filling up the DagBag from /opt/airflow/dags/batch_pipeline_dag.py
[2026-04-25T09:51:42.277+0000] {processor.py:840} INFO - DAG(s) 'batch_pipeline' retrieved from /opt/airflow/dags/batch_pipeline_dag.py
[2026-04-25T09:51:42.575+0000] {logging_mixin.py:188} INFO - [2026-04-25T09:51:42.575+0000] {dag.py:3036} INFO - Sync 1 DAGs
[2026-04-25T09:51:42.604+0000] {logging_mixin.py:188} INFO - [2026-04-25T09:51:42.603+0000] {dag.py:3823} INFO - Setting next_dagrun for batch_pipeline to 2026-04-25 09:50:00+00:00, run_after=2026-04-25 09:52:00+00:00
[2026-04-25T09:51:42.629+0000] {processor.py:183} INFO - Processing /opt/airflow/dags/batch_pipeline_dag.py took 0.369 seconds
[2026-04-25T09:52:12.926+0000] {processor.py:161} INFO - Started process (PID=48) to work on /opt/airflow/dags/batch_pipeline_dag.py
[2026-04-25T09:52:12.927+0000] {processor.py:830} INFO - Processing file /opt/airflow/dags/batch_pipeline_dag.py for tasks to queue
[2026-04-25T09:52:12.928+0000] {logging_mixin.py:188} INFO - [2026-04-25T09:52:12.928+0000] {dagbag.py:538} INFO - Filling up the DagBag from /opt/airflow/dags/batch_pipeline_dag.py
[2026-04-25T09:52:12.941+0000] {processor.py:840} INFO - DAG(s) 'batch_pipeline' retrieved from /opt/airflow/dags/batch_pipeline_dag.py
[2026-04-25T09:52:12.965+0000] {logging_mixin.py:188} INFO - [2026-04-25T09:52:12.964+0000] {dag.py:3036} INFO - Sync 1 DAGs
[2026-04-25T09:52:13.031+0000] {logging_mixin.py:188} INFO - [2026-04-25T09:52:13.030+0000] {dag.py:3823} INFO - Setting next_dagrun for batch_pipeline to 2026-04-25 09:52:00+00:00, run_after=2026-04-25 09:54:00+00:00
[2026-04-25T09:52:13.105+0000] {processor.py:183} INFO - Processing /opt/airflow/dags/batch_pipeline_dag.py took 0.183 seconds
[2026-04-25T09:52:43.171+0000] {processor.py:161} INFO - Started process (PID=49) to work on /opt/airflow/dags/batch_pipeline_dag.py
[2026-04-25T09:52:43.174+0000] {processor.py:830} INFO - Processing file /opt/airflow/dags/batch_pipeline_dag.py for tasks to queue
[2026-04-25T09:52:43.175+0000] {logging_mixin.py:188} INFO - [2026-04-25T09:52:43.175+0000] {dagbag.py:538} INFO - Filling up the DagBag from /opt/airflow/dags/batch_pipeline_dag.py
[2026-04-25T09:52:43.192+0000] {processor.py:840} INFO - DAG(s) 'batch_pipeline' retrieved from /opt/airflow/dags/batch_pipeline_dag.py
[2026-04-25T09:52:43.690+0000] {logging_mixin.py:188} INFO - [2026-04-25T09:52:43.689+0000] {dag.py:3036} INFO - Sync 1 DAGs
[2026-04-25T09:52:43.740+0000] {logging_mixin.py:188} INFO - [2026-04-25T09:52:43.739+0000] {dag.py:3823} INFO - Setting next_dagrun for batch_pipeline to 2026-04-25 09:52:00+00:00, run_after=2026-04-25 09:54:00+00:00
[2026-04-25T09:52:43.780+0000] {processor.py:183} INFO - Processing /opt/airflow/dags/batch_pipeline_dag.py took 0.618 seconds
[2026-04-25T09:53:14.017+0000] {processor.py:161} INFO - Started process (PID=50) to work on /opt/airflow/dags/batch_pipeline_dag.py
[2026-04-25T09:53:14.020+0000] {processor.py:830} INFO - Processing file /opt/airflow/dags/batch_pipeline_dag.py for tasks to queue
[2026-04-25T09:53:14.022+0000] {logging_mixin.py:188} INFO - [2026-04-25T09:53:14.021+0000] {dagbag.py:538} INFO - Filling up the DagBag from /opt/airflow/dags/batch_pipeline_dag.py
[2026-04-25T09:53:14.032+0000] {processor.py:840} INFO - DAG(s) 'batch_pipeline' retrieved from /opt/airflow/dags/batch_pipeline_dag.py
[2026-04-25T09:53:14.045+0000] {logging_mixin.py:188} INFO - [2026-04-25T09:53:14.045+0000] {dag.py:3036} INFO - Sync 1 DAGs
[2026-04-25T09:53:14.079+0000] {logging_mixin.py:188} INFO - [2026-04-25T09:53:14.079+0000] {dag.py:3823} INFO - Setting next_dagrun for batch_pipeline to 2026-04-25 09:52:00+00:00, run_after=2026-04-25 09:54:00+00:00
[2026-04-25T09:53:14.108+0000] {processor.py:183} INFO - Processing /opt/airflow/dags/batch_pipeline_dag.py took 0.096 seconds
[2026-04-25T09:53:44.270+0000] {processor.py:161} INFO - Started process (PID=51) to work on /opt/airflow/dags/batch_pipeline_dag.py
[2026-04-25T09:53:44.272+0000] {processor.py:830} INFO - Processing file /opt/airflow/dags/batch_pipeline_dag.py for tasks to queue
[2026-04-25T09:53:44.274+0000] {logging_mixin.py:188} INFO - [2026-04-25T09:53:44.273+0000] {dagbag.py:538} INFO - Filling up the DagBag from /opt/airflow/dags/batch_pipeline_dag.py
[2026-04-25T09:53:44.284+0000] {processor.py:840} INFO - DAG(s) 'batch_pipeline' retrieved from /opt/airflow/dags/batch_pipeline_dag.py
[2026-04-25T09:53:44.497+0000] {logging_mixin.py:188} INFO - [2026-04-25T09:53:44.497+0000] {dag.py:3036} INFO - Sync 1 DAGs
[2026-04-25T09:53:44.541+0000] {logging_mixin.py:188} INFO - [2026-04-25T09:53:44.541+0000] {dag.py:3823} INFO - Setting next_dagrun for batch_pipeline to 2026-04-25 09:52:00+00:00, run_after=2026-04-25 09:54:00+00:00
[2026-04-25T09:53:44.761+0000] {processor.py:183} INFO - Processing /opt/airflow/dags/batch_pipeline_dag.py took 0.499 seconds
[2026-04-25T09:54:15.001+0000] {processor.py:161} INFO - Started process (PID=52) to work on /opt/airflow/dags/batch_pipeline_dag.py
[2026-04-25T09:54:15.004+0000] {processor.py:830} INFO - Processing file /opt/airflow/dags/batch_pipeline_dag.py for tasks to queue
[2026-04-25T09:54:15.005+0000] {logging_mixin.py:188} INFO - [2026-04-25T09:54:15.005+0000] {dagbag.py:538} INFO - Filling up the DagBag from /opt/airflow/dags/batch_pipeline_dag.py
[2026-04-25T09:54:15.013+0000] {processor.py:840} INFO - DAG(s) 'batch_pipeline' retrieved from /opt/airflow/dags/batch_pipeline_dag.py
[2026-04-25T09:54:15.053+0000] {logging_mixin.py:188} INFO - [2026-04-25T09:54:15.053+0000] {dag.py:3036} INFO - Sync 1 DAGs
[2026-04-25T09:54:15.089+0000] {logging_mixin.py:188} INFO - [2026-04-25T09:54:15.089+0000] {dag.py:3823} INFO - Setting next_dagrun for batch_pipeline to 2026-04-25 09:54:00+00:00, run_after=2026-04-25 09:56:00+00:00
[2026-04-25T09:54:15.119+0000] {processor.py:183} INFO - Processing /opt/airflow/dags/batch_pipeline_dag.py took 0.122 seconds
[2026-04-25T09:54:45.223+0000] {processor.py:161} INFO - Started process (PID=53) to work on /opt/airflow/dags/batch_pipeline_dag.py
[2026-04-25T09:54:45.225+0000] {processor.py:830} INFO - Processing file /opt/airflow/dags/batch_pipeline_dag.py for tasks to queue
[2026-04-25T09:54:45.226+0000] {logging_mixin.py:188} INFO - [2026-04-25T09:54:45.226+0000] {dagbag.py:538} INFO - Filling up the DagBag from /opt/airflow/dags/batch_pipeline_dag.py
[2026-04-25T09:54:45.238+0000] {processor.py:840} INFO - DAG(s) 'batch_pipeline' retrieved from /opt/airflow/dags/batch_pipeline_dag.py
[2026-04-25T09:54:45.275+0000] {logging_mixin.py:188} INFO - [2026-04-25T09:54:45.275+0000] {dag.py:3036} INFO - Sync 1 DAGs
[2026-04-25T09:54:45.310+0000] {logging_mixin.py:188} INFO - [2026-04-25T09:54:45.310+0000] {dag.py:3823} INFO - Setting next_dagrun for batch_pipeline to 2026-04-25 09:54:00+00:00, run_after=2026-04-25 09:56:00+00:00
[2026-04-25T09:54:45.342+0000] {processor.py:183} INFO - Processing /opt/airflow/dags/batch_pipeline_dag.py took 0.125 seconds
[2026-04-25T09:55:15.547+0000] {processor.py:161} INFO - Started process (PID=54) to work on /opt/airflow/dags/batch_pipeline_dag.py
[2026-04-25T09:55:15.549+0000] {processor.py:830} INFO - Processing file /opt/airflow/dags/batch_pipeline_dag.py for tasks to queue
[2026-04-25T09:55:15.552+0000] {logging_mixin.py:188} INFO - [2026-04-25T09:55:15.551+0000] {dagbag.py:538} INFO - Filling up the DagBag from /opt/airflow/dags/batch_pipeline_dag.py
[2026-04-25T09:55:15.561+0000] {processor.py:840} INFO - DAG(s) 'batch_pipeline' retrieved from /opt/airflow/dags/batch_pipeline_dag.py
[2026-04-25T09:55:15.602+0000] {logging_mixin.py:188} INFO - [2026-04-25T09:55:15.600+0000] {dag.py:3036} INFO - Sync 1 DAGs
[2026-04-25T09:55:15.637+0000] {logging_mixin.py:188} INFO - [2026-04-25T09:55:15.637+0000] {dag.py:3823} INFO - Setting next_dagrun for batch_pipeline to 2026-04-25 09:54:00+00:00, run_after=2026-04-25 09:56:00+00:00
[2026-04-25T09:55:15.665+0000] {processor.py:183} INFO - Processing /opt/airflow/dags/batch_pipeline_dag.py took 0.122 seconds
[2026-04-25T09:55:45.801+0000] {processor.py:161} INFO - Started process (PID=55) to work on /opt/airflow/dags/batch_pipeline_dag.py
[2026-04-25T09:55:45.802+0000] {processor.py:830} INFO - Processing file /opt/airflow/dags/batch_pipeline_dag.py for tasks to queue
[2026-04-25T09:55:45.804+0000] {logging_mixin.py:188} INFO - [2026-04-25T09:55:45.803+0000] {dagbag.py:538} INFO - Filling up the DagBag from /opt/airflow/dags/batch_pipeline_dag.py
[2026-04-25T09:55:45.817+0000] {processor.py:840} INFO - DAG(s) 'batch_pipeline' retrieved from /opt/airflow/dags/batch_pipeline_dag.py
[2026-04-25T09:55:45.859+0000] {logging_mixin.py:188} INFO - [2026-04-25T09:55:45.858+0000] {dag.py:3036} INFO - Sync 1 DAGs
[2026-04-25T09:55:45.929+0000] {logging_mixin.py:188} INFO - [2026-04-25T09:55:45.928+0000] {dag.py:3823} INFO - Setting next_dagrun for batch_pipeline to 2026-04-25 09:54:00+00:00, run_after=2026-04-25 09:56:00+00:00
[2026-04-25T09:55:45.957+0000] {processor.py:183} INFO - Processing /opt/airflow/dags/batch_pipeline_dag.py took 0.162 seconds
[2026-04-25T09:56:16.119+0000] {processor.py:161} INFO - Started process (PID=56) to work on /opt/airflow/dags/batch_pipeline_dag.py
[2026-04-25T09:56:16.120+0000] {processor.py:830} INFO - Processing file /opt/airflow/dags/batch_pipeline_dag.py for tasks to queue
[2026-04-25T09:56:16.121+0000] {logging_mixin.py:188} INFO - [2026-04-25T09:56:16.120+0000] {dagbag.py:538} INFO - Filling up the DagBag from /opt/airflow/dags/batch_pipeline_dag.py
[2026-04-25T09:56:16.131+0000] {processor.py:840} INFO - DAG(s) 'batch_pipeline' retrieved from /opt/airflow/dags/batch_pipeline_dag.py
[2026-04-25T09:56:16.167+0000] {logging_mixin.py:188} INFO - [2026-04-25T09:56:16.167+0000] {dag.py:3036} INFO - Sync 1 DAGs
[2026-04-25T09:56:16.205+0000] {logging_mixin.py:188} INFO - [2026-04-25T09:56:16.205+0000] {dag.py:3823} INFO - Setting next_dagrun for batch_pipeline to 2026-04-25 09:56:00+00:00, run_after=2026-04-25 09:58:00+00:00
[2026-04-25T09:56:16.459+0000] {processor.py:183} INFO - Processing /opt/airflow/dags/batch_pipeline_dag.py took 0.346 seconds
[2026-04-25T09:56:46.720+0000] {processor.py:161} INFO - Started process (PID=57) to work on /opt/airflow/dags/batch_pipeline_dag.py
[2026-04-25T09:56:46.726+0000] {processor.py:830} INFO - Processing file /opt/airflow/dags/batch_pipeline_dag.py for tasks to queue
[2026-04-25T09:56:46.727+0000] {logging_mixin.py:188} INFO - [2026-04-25T09:56:46.726+0000] {dagbag.py:538} INFO - Filling up the DagBag from /opt/airflow/dags/batch_pipeline_dag.py
[2026-04-25T09:56:46.738+0000] {processor.py:840} INFO - DAG(s) 'batch_pipeline' retrieved from /opt/airflow/dags/batch_pipeline_dag.py
[2026-04-25T09:56:46.783+0000] {logging_mixin.py:188} INFO - [2026-04-25T09:56:46.783+0000] {dag.py:3036} INFO - Sync 1 DAGs
[2026-04-25T09:56:46.828+0000] {logging_mixin.py:188} INFO - [2026-04-25T09:56:46.828+0000] {dag.py:3823} INFO - Setting next_dagrun for batch_pipeline to 2026-04-25 09:56:00+00:00, run_after=2026-04-25 09:58:00+00:00
[2026-04-25T09:56:46.866+0000] {processor.py:183} INFO - Processing /opt/airflow/dags/batch_pipeline_dag.py took 0.152 seconds
[2026-04-25T09:57:16.965+0000] {processor.py:161} INFO - Started process (PID=58) to work on /opt/airflow/dags/batch_pipeline_dag.py
[2026-04-25T09:57:16.966+0000] {processor.py:830} INFO - Processing file /opt/airflow/dags/batch_pipeline_dag.py for tasks to queue
[2026-04-25T09:57:16.967+0000] {logging_mixin.py:188} INFO - [2026-04-25T09:57:16.966+0000] {dagbag.py:538} INFO - Filling up the DagBag from /opt/airflow/dags/batch_pipeline_dag.py
[2026-04-25T09:57:16.980+0000] {processor.py:840} INFO - DAG(s) 'batch_pipeline' retrieved from /opt/airflow/dags/batch_pipeline_dag.py
[2026-04-25T09:57:17.019+0000] {logging_mixin.py:188} INFO - [2026-04-25T09:57:17.019+0000] {dag.py:3036} INFO - Sync 1 DAGs
[2026-04-25T09:57:17.055+0000] {logging_mixin.py:188} INFO - [2026-04-25T09:57:17.054+0000] {dag.py:3823} INFO - Setting next_dagrun for batch_pipeline to 2026-04-25 09:56:00+00:00, run_after=2026-04-25 09:58:00+00:00
[2026-04-25T09:57:17.088+0000] {processor.py:183} INFO - Processing /opt/airflow/dags/batch_pipeline_dag.py took 0.131 seconds
[2026-04-25T09:57:47.369+0000] {processor.py:161} INFO - Started process (PID=59) to work on /opt/airflow/dags/batch_pipeline_dag.py
[2026-04-25T09:57:47.370+0000] {processor.py:830} INFO - Processing file /opt/airflow/dags/batch_pipeline_dag.py for tasks to queue
[2026-04-25T09:57:47.375+0000] {logging_mixin.py:188} INFO - [2026-04-25T09:57:47.372+0000] {dagbag.py:538} INFO - Filling up the DagBag from /opt/airflow/dags/batch_pipeline_dag.py
[2026-04-25T09:57:47.413+0000] {processor.py:840} INFO - DAG(s) 'batch_pipeline' retrieved from /opt/airflow/dags/batch_pipeline_dag.py
[2026-04-25T09:57:47.525+0000] {logging_mixin.py:188} INFO - [2026-04-25T09:57:47.525+0000] {dag.py:3036} INFO - Sync 1 DAGs
[2026-04-25T09:57:47.599+0000] {logging_mixin.py:188} INFO - [2026-04-25T09:57:47.598+0000] {dag.py:3823} INFO - Setting next_dagrun for batch_pipeline to 2026-04-25 09:56:00+00:00, run_after=2026-04-25 09:58:00+00:00
[2026-04-25T09:57:47.632+0000] {processor.py:183} INFO - Processing /opt/airflow/dags/batch_pipeline_dag.py took 0.274 seconds
[2026-04-25T09:58:17.883+0000] {processor.py:161} INFO - Started process (PID=60) to work on /opt/airflow/dags/batch_pipeline_dag.py
[2026-04-25T09:58:17.884+0000] {processor.py:830} INFO - Processing file /opt/airflow/dags/batch_pipeline_dag.py for tasks to queue
[2026-04-25T09:58:17.885+0000] {logging_mixin.py:188} INFO - [2026-04-25T09:58:17.885+0000] {dagbag.py:538} INFO - Filling up the DagBag from /opt/airflow/dags/batch_pipeline_dag.py
[2026-04-25T09:58:17.897+0000] {processor.py:840} INFO - DAG(s) 'batch_pipeline' retrieved from /opt/airflow/dags/batch_pipeline_dag.py
[2026-04-25T09:58:17.933+0000] {logging_mixin.py:188} INFO - [2026-04-25T09:58:17.933+0000] {dag.py:3036} INFO - Sync 1 DAGs
[2026-04-25T09:58:17.969+0000] {logging_mixin.py:188} INFO - [2026-04-25T09:58:17.969+0000] {dag.py:3823} INFO - Setting next_dagrun for batch_pipeline to 2026-04-25 09:58:00+00:00, run_after=2026-04-25 10:00:00+00:00
[2026-04-25T09:58:18.002+0000] {processor.py:183} INFO - Processing /opt/airflow/dags/batch_pipeline_dag.py took 0.124 seconds
[2026-04-25T09:58:48.106+0000] {processor.py:161} INFO - Started process (PID=61) to work on /opt/airflow/dags/batch_pipeline_dag.py
[2026-04-25T09:58:48.110+0000] {processor.py:830} INFO - Processing file /opt/airflow/dags/batch_pipeline_dag.py for tasks to queue
[2026-04-25T09:58:48.114+0000] {logging_mixin.py:188} INFO - [2026-04-25T09:58:48.111+0000] {dagbag.py:538} INFO - Filling up the DagBag from /opt/airflow/dags/batch_pipeline_dag.py
[2026-04-25T09:58:48.130+0000] {processor.py:840} INFO - DAG(s) 'batch_pipeline' retrieved from /opt/airflow/dags/batch_pipeline_dag.py
[2026-04-25T09:58:48.172+0000] {logging_mixin.py:188} INFO - [2026-04-25T09:58:48.171+0000] {dag.py:3036} INFO - Sync 1 DAGs
[2026-04-25T09:58:48.214+0000] {logging_mixin.py:188} INFO - [2026-04-25T09:58:48.213+0000] {dag.py:3823} INFO - Setting next_dagrun for batch_pipeline to 2026-04-25 09:58:00+00:00, run_after=2026-04-25 10:00:00+00:00
[2026-04-25T09:58:48.243+0000] {processor.py:183} INFO - Processing /opt/airflow/dags/batch_pipeline_dag.py took 0.141 seconds
[2026-04-25T09:59:18.435+0000] {processor.py:161} INFO - Started process (PID=62) to work on /opt/airflow/dags/batch_pipeline_dag.py
[2026-04-25T09:59:18.436+0000] {processor.py:830} INFO - Processing file /opt/airflow/dags/batch_pipeline_dag.py for tasks to queue
[2026-04-25T09:59:18.437+0000] {logging_mixin.py:188} INFO - [2026-04-25T09:59:18.436+0000] {dagbag.py:538} INFO - Filling up the DagBag from /opt/airflow/dags/batch_pipeline_dag.py
[2026-04-25T09:59:18.452+0000] {processor.py:840} INFO - DAG(s) 'batch_pipeline' retrieved from /opt/airflow/dags/batch_pipeline_dag.py
[2026-04-25T09:59:18.489+0000] {logging_mixin.py:188} INFO - [2026-04-25T09:59:18.489+0000] {dag.py:3036} INFO - Sync 1 DAGs
[2026-04-25T09:59:18.537+0000] {logging_mixin.py:188} INFO - [2026-04-25T09:59:18.537+0000] {dag.py:3823} INFO - Setting next_dagrun for batch_pipeline to 2026-04-25 09:58:00+00:00, run_after=2026-04-25 10:00:00+00:00
[2026-04-25T09:59:18.738+0000] {processor.py:183} INFO - Processing /opt/airflow/dags/batch_pipeline_dag.py took 0.308 seconds
[2026-04-25T09:59:48.983+0000] {processor.py:161} INFO - Started process (PID=63) to work on /opt/airflow/dags/batch_pipeline_dag.py
[2026-04-25T09:59:48.986+0000] {processor.py:830} INFO - Processing file /opt/airflow/dags/batch_pipeline_dag.py for tasks to queue
[2026-04-25T09:59:48.993+0000] {logging_mixin.py:188} INFO - [2026-04-25T09:59:48.988+0000] {dagbag.py:538} INFO - Filling up the DagBag from /opt/airflow/dags/batch_pipeline_dag.py
[2026-04-25T09:59:49.010+0000] {processor.py:840} INFO - DAG(s) 'batch_pipeline' retrieved from /opt/airflow/dags/batch_pipeline_dag.py
[2026-04-25T09:59:49.074+0000] {logging_mixin.py:188} INFO - [2026-04-25T09:59:49.073+0000] {dag.py:3036} INFO - Sync 1 DAGs
[2026-04-25T09:59:49.114+0000] {logging_mixin.py:188} INFO - [2026-04-25T09:59:49.114+0000] {dag.py:3823} INFO - Setting next_dagrun for batch_pipeline to 2026-04-25 09:58:00+00:00, run_after=2026-04-25 10:00:00+00:00
[2026-04-25T09:59:49.151+0000] {processor.py:183} INFO - Processing /opt/airflow/dags/batch_pipeline_dag.py took 0.171 seconds
[2026-04-25T10:00:19.212+0000] {processor.py:161} INFO - Started process (PID=64) to work on /opt/airflow/dags/batch_pipeline_dag.py
[2026-04-25T10:00:19.213+0000] {processor.py:830} INFO - Processing file /opt/airflow/dags/batch_pipeline_dag.py for tasks to queue
[2026-04-25T10:00:19.214+0000] {logging_mixin.py:188} INFO - [2026-04-25T10:00:19.213+0000] {dagbag.py:538} INFO - Filling up the DagBag from /opt/airflow/dags/batch_pipeline_dag.py
[2026-04-25T10:00:19.227+0000] {processor.py:840} INFO - DAG(s) 'batch_pipeline' retrieved from /opt/airflow/dags/batch_pipeline_dag.py
[2026-04-25T10:00:19.268+0000] {logging_mixin.py:188} INFO - [2026-04-25T10:00:19.267+0000] {dag.py:3036} INFO - Sync 1 DAGs
[2026-04-25T10:00:19.309+0000] {logging_mixin.py:188} INFO - [2026-04-25T10:00:19.308+0000] {dag.py:3823} INFO - Setting next_dagrun for batch_pipeline to 2026-04-25 10:00:00+00:00, run_after=2026-04-25 10:02:00+00:00
[2026-04-25T10:00:19.343+0000] {processor.py:183} INFO - Processing /opt/airflow/dags/batch_pipeline_dag.py took 0.137 seconds
[2026-04-25T10:00:49.429+0000] {processor.py:161} INFO - Started process (PID=65) to work on /opt/airflow/dags/batch_pipeline_dag.py
[2026-04-25T10:00:49.430+0000] {processor.py:830} INFO - Processing file /opt/airflow/dags/batch_pipeline_dag.py for tasks to queue
[2026-04-25T10:00:49.431+0000] {logging_mixin.py:188} INFO - [2026-04-25T10:00:49.431+0000] {dagbag.py:538} INFO - Filling up the DagBag from /opt/airflow/dags/batch_pipeline_dag.py
[2026-04-25T10:00:49.440+0000] {processor.py:840} INFO - DAG(s) 'batch_pipeline' retrieved from /opt/airflow/dags/batch_pipeline_dag.py
[2026-04-25T10:00:49.492+0000] {logging_mixin.py:188} INFO - [2026-04-25T10:00:49.492+0000] {dag.py:3036} INFO - Sync 1 DAGs
[2026-04-25T10:00:49.533+0000] {logging_mixin.py:188} INFO - [2026-04-25T10:00:49.533+0000] {dag.py:3823} INFO - Setting next_dagrun for batch_pipeline to 2026-04-25 10:00:00+00:00, run_after=2026-04-25 10:02:00+00:00
[2026-04-25T10:00:49.570+0000] {processor.py:183} INFO - Processing /opt/airflow/dags/batch_pipeline_dag.py took 0.149 seconds
[2026-04-25T10:01:19.764+0000] {processor.py:161} INFO - Started process (PID=66) to work on /opt/airflow/dags/batch_pipeline_dag.py
[2026-04-25T10:01:19.764+0000] {processor.py:830} INFO - Processing file /opt/airflow/dags/batch_pipeline_dag.py for tasks to queue
[2026-04-25T10:01:19.765+0000] {logging_mixin.py:188} INFO - [2026-04-25T10:01:19.765+0000] {dagbag.py:538} INFO - Filling up the DagBag from /opt/airflow/dags/batch_pipeline_dag.py
[2026-04-25T10:01:19.780+0000] {processor.py:840} INFO - DAG(s) 'batch_pipeline' retrieved from /opt/airflow/dags/batch_pipeline_dag.py
[2026-04-25T10:01:19.839+0000] {logging_mixin.py:188} INFO - [2026-04-25T10:01:19.838+0000] {dag.py:3036} INFO - Sync 1 DAGs
[2026-04-25T10:01:19.884+0000] {logging_mixin.py:188} INFO - [2026-04-25T10:01:19.883+0000] {dag.py:3823} INFO - Setting next_dagrun for batch_pipeline to 2026-04-25 10:00:00+00:00, run_after=2026-04-25 10:02:00+00:00
[2026-04-25T10:01:19.933+0000] {processor.py:183} INFO - Processing /opt/airflow/dags/batch_pipeline_dag.py took 0.174 seconds
[2026-04-25T10:01:49.998+0000] {processor.py:161} INFO - Started process (PID=67) to work on /opt/airflow/dags/batch_pipeline_dag.py
[2026-04-25T10:01:50.000+0000] {processor.py:830} INFO - Processing file /opt/airflow/dags/batch_pipeline_dag.py for tasks to queue
[2026-04-25T10:01:50.002+0000] {logging_mixin.py:188} INFO - [2026-04-25T10:01:50.001+0000] {dagbag.py:538} INFO - Filling up the DagBag from /opt/airflow/dags/batch_pipeline_dag.py
[2026-04-25T10:01:50.015+0000] {processor.py:840} INFO - DAG(s) 'batch_pipeline' retrieved from /opt/airflow/dags/batch_pipeline_dag.py
[2026-04-25T10:01:50.051+0000] {logging_mixin.py:188} INFO - [2026-04-25T10:01:50.051+0000] {dag.py:3036} INFO - Sync 1 DAGs
[2026-04-25T10:01:50.094+0000] {logging_mixin.py:188} INFO - [2026-04-25T10:01:50.094+0000] {dag.py:3823} INFO - Setting next_dagrun for batch_pipeline to 2026-04-25 10:00:00+00:00, run_after=2026-04-25 10:02:00+00:00
[2026-04-25T10:01:50.131+0000] {processor.py:183} INFO - Processing /opt/airflow/dags/batch_pipeline_dag.py took 0.137 seconds
[2026-04-25T10:02:20.362+0000] {processor.py:161} INFO - Started process (PID=68) to work on /opt/airflow/dags/batch_pipeline_dag.py
[2026-04-25T10:02:20.363+0000] {processor.py:830} INFO - Processing file /opt/airflow/dags/batch_pipeline_dag.py for tasks to queue
[2026-04-25T10:02:20.364+0000] {logging_mixin.py:188} INFO - [2026-04-25T10:02:20.364+0000] {dagbag.py:538} INFO - Filling up the DagBag from /opt/airflow/dags/batch_pipeline_dag.py
[2026-04-25T10:02:20.377+0000] {processor.py:840} INFO - DAG(s) 'batch_pipeline' retrieved from /opt/airflow/dags/batch_pipeline_dag.py
[2026-04-25T10:02:20.424+0000] {logging_mixin.py:188} INFO - [2026-04-25T10:02:20.422+0000] {dag.py:3036} INFO - Sync 1 DAGs
[2026-04-25T10:02:20.632+0000] {logging_mixin.py:188} INFO - [2026-04-25T10:02:20.632+0000] {dag.py:3823} INFO - Setting next_dagrun for batch_pipeline to 2026-04-25 10:02:00+00:00, run_after=2026-04-25 10:04:00+00:00
[2026-04-25T10:02:20.666+0000] {processor.py:183} INFO - Processing /opt/airflow/dags/batch_pipeline_dag.py took 0.308 seconds
[2026-04-25T10:02:50.884+0000] {processor.py:161} INFO - Started process (PID=69) to work on /opt/airflow/dags/batch_pipeline_dag.py
[2026-04-25T10:02:50.887+0000] {processor.py:830} INFO - Processing file /opt/airflow/dags/batch_pipeline_dag.py for tasks to queue
[2026-04-25T10:02:50.890+0000] {logging_mixin.py:188} INFO - [2026-04-25T10:02:50.889+0000] {dagbag.py:538} INFO - Filling up the DagBag from /opt/airflow/dags/batch_pipeline_dag.py
[2026-04-25T10:02:50.899+0000] {processor.py:840} INFO - DAG(s) 'batch_pipeline' retrieved from /opt/airflow/dags/batch_pipeline_dag.py
[2026-04-25T10:02:50.937+0000] {logging_mixin.py:188} INFO - [2026-04-25T10:02:50.936+0000] {dag.py:3036} INFO - Sync 1 DAGs
[2026-04-25T10:02:50.973+0000] {logging_mixin.py:188} INFO - [2026-04-25T10:02:50.972+0000] {dag.py:3823} INFO - Setting next_dagrun for batch_pipeline to 2026-04-25 10:02:00+00:00, run_after=2026-04-25 10:04:00+00:00
[2026-04-25T10:02:50.997+0000] {processor.py:183} INFO - Processing /opt/airflow/dags/batch_pipeline_dag.py took 0.117 seconds
[2026-04-25T10:03:21.099+0000] {processor.py:161} INFO - Started process (PID=70) to work on /opt/airflow/dags/batch_pipeline_dag.py
[2026-04-25T10:03:21.099+0000] {processor.py:830} INFO - Processing file /opt/airflow/dags/batch_pipeline_dag.py for tasks to queue
[2026-04-25T10:03:21.100+0000] {logging_mixin.py:188} INFO - [2026-04-25T10:03:21.100+0000] {dagbag.py:538} INFO - Filling up the DagBag from /opt/airflow/dags/batch_pipeline_dag.py
[2026-04-25T10:03:21.112+0000] {processor.py:840} INFO - DAG(s) 'batch_pipeline' retrieved from /opt/airflow/dags/batch_pipeline_dag.py
[2026-04-25T10:03:21.148+0000] {logging_mixin.py:188} INFO - [2026-04-25T10:03:21.147+0000] {dag.py:3036} INFO - Sync 1 DAGs
[2026-04-25T10:03:21.183+0000] {logging_mixin.py:188} INFO - [2026-04-25T10:03:21.183+0000] {dag.py:3823} INFO - Setting next_dagrun for batch_pipeline to 2026-04-25 10:02:00+00:00, run_after=2026-04-25 10:04:00+00:00
[2026-04-25T10:03:21.216+0000] {processor.py:183} INFO - Processing /opt/airflow/dags/batch_pipeline_dag.py took 0.121 seconds
[2026-04-25T10:03:51.410+0000] {processor.py:161} INFO - Started process (PID=71) to work on /opt/airflow/dags/batch_pipeline_dag.py
[2026-04-25T10:03:51.413+0000] {processor.py:830} INFO - Processing file /opt/airflow/dags/batch_pipeline_dag.py for tasks to queue
[2026-04-25T10:03:51.414+0000] {logging_mixin.py:188} INFO - [2026-04-25T10:03:51.414+0000] {dagbag.py:538} INFO - Filling up the DagBag from /opt/airflow/dags/batch_pipeline_dag.py
[2026-04-25T10:03:51.427+0000] {processor.py:840} INFO - DAG(s) 'batch_pipeline' retrieved from /opt/airflow/dags/batch_pipeline_dag.py
[2026-04-25T10:03:51.467+0000] {logging_mixin.py:188} INFO - [2026-04-25T10:03:51.467+0000] {dag.py:3036} INFO - Sync 1 DAGs
[2026-04-25T10:03:51.505+0000] {logging_mixin.py:188} INFO - [2026-04-25T10:03:51.505+0000] {dag.py:3823} INFO - Setting next_dagrun for batch_pipeline to 2026-04-25 10:02:00+00:00, run_after=2026-04-25 10:04:00+00:00
[2026-04-25T10:03:51.530+0000] {processor.py:183} INFO - Processing /opt/airflow/dags/batch_pipeline_dag.py took 0.124 seconds
[2026-04-25T10:04:21.670+0000] {processor.py:161} INFO - Started process (PID=72) to work on /opt/airflow/dags/batch_pipeline_dag.py
[2026-04-25T10:04:21.671+0000] {processor.py:830} INFO - Processing file /opt/airflow/dags/batch_pipeline_dag.py for tasks to queue
[2026-04-25T10:04:21.672+0000] {logging_mixin.py:188} INFO - [2026-04-25T10:04:21.672+0000] {dagbag.py:538} INFO - Filling up the DagBag from /opt/airflow/dags/batch_pipeline_dag.py
[2026-04-25T10:04:21.680+0000] {processor.py:840} INFO - DAG(s) 'batch_pipeline' retrieved from /opt/airflow/dags/batch_pipeline_dag.py
[2026-04-25T10:04:21.721+0000] {logging_mixin.py:188} INFO - [2026-04-25T10:04:21.720+0000] {dag.py:3036} INFO - Sync 1 DAGs
[2026-04-25T10:04:21.755+0000] {logging_mixin.py:188} INFO - [2026-04-25T10:04:21.755+0000] {dag.py:3823} INFO - Setting next_dagrun for batch_pipeline to 2026-04-25 10:04:00+00:00, run_after=2026-04-25 10:06:00+00:00
[2026-04-25T10:04:21.780+0000] {processor.py:183} INFO - Processing /opt/airflow/dags/batch_pipeline_dag.py took 0.117 seconds
[2026-04-25T10:04:51.987+0000] {processor.py:161} INFO - Started process (PID=73) to work on /opt/airflow/dags/batch_pipeline_dag.py
[2026-04-25T10:04:51.989+0000] {processor.py:830} INFO - Processing file /opt/airflow/dags/batch_pipeline_dag.py for tasks to queue
[2026-04-25T10:04:51.990+0000] {logging_mixin.py:188} INFO - [2026-04-25T10:04:51.990+0000] {dagbag.py:538} INFO - Filling up the DagBag from /opt/airflow/dags/batch_pipeline_dag.py
[2026-04-25T10:04:52.000+0000] {processor.py:840} INFO - DAG(s) 'batch_pipeline' retrieved from /opt/airflow/dags/batch_pipeline_dag.py
[2026-04-25T10:04:52.039+0000] {logging_mixin.py:188} INFO - [2026-04-25T10:04:52.039+0000] {dag.py:3036} INFO - Sync 1 DAGs
[2026-04-25T10:04:52.072+0000] {logging_mixin.py:188} INFO - [2026-04-25T10:04:52.072+0000] {dag.py:3823} INFO - Setting next_dagrun for batch_pipeline to 2026-04-25 10:04:00+00:00, run_after=2026-04-25 10:06:00+00:00
[2026-04-25T10:04:52.118+0000] {processor.py:183} INFO - Processing /opt/airflow/dags/batch_pipeline_dag.py took 0.138 seconds
[2026-04-25T10:05:22.231+0000] {processor.py:161} INFO - Started process (PID=74) to work on /opt/airflow/dags/batch_pipeline_dag.py
[2026-04-25T10:05:22.234+0000] {processor.py:830} INFO - Processing file /opt/airflow/dags/batch_pipeline_dag.py for tasks to queue
[2026-04-25T10:05:22.237+0000] {logging_mixin.py:188} INFO - [2026-04-25T10:05:22.236+0000] {dagbag.py:538} INFO - Filling up the DagBag from /opt/airflow/dags/batch_pipeline_dag.py
[2026-04-25T10:05:22.246+0000] {processor.py:840} INFO - DAG(s) 'batch_pipeline' retrieved from /opt/airflow/dags/batch_pipeline_dag.py
[2026-04-25T10:05:22.292+0000] {logging_mixin.py:188} INFO - [2026-04-25T10:05:22.291+0000] {dag.py:3036} INFO - Sync 1 DAGs
[2026-04-25T10:05:22.505+0000] {logging_mixin.py:188} INFO - [2026-04-25T10:05:22.504+0000] {dag.py:3823} INFO - Setting next_dagrun for batch_pipeline to 2026-04-25 10:04:00+00:00, run_after=2026-04-25 10:06:00+00:00
[2026-04-25T10:05:22.534+0000] {processor.py:183} INFO - Processing /opt/airflow/dags/batch_pipeline_dag.py took 0.307 seconds
[2026-04-25T10:05:52.760+0000] {processor.py:161} INFO - Started process (PID=75) to work on /opt/airflow/dags/batch_pipeline_dag.py
[2026-04-25T10:05:52.763+0000] {processor.py:830} INFO - Processing file /opt/airflow/dags/batch_pipeline_dag.py for tasks to queue
[2026-04-25T10:05:52.765+0000] {logging_mixin.py:188} INFO - [2026-04-25T10:05:52.764+0000] {dagbag.py:538} INFO - Filling up the DagBag from /opt/airflow/dags/batch_pipeline_dag.py
[2026-04-25T10:05:52.776+0000] {processor.py:840} INFO - DAG(s) 'batch_pipeline' retrieved from /opt/airflow/dags/batch_pipeline_dag.py
[2026-04-25T10:05:52.817+0000] {logging_mixin.py:188} INFO - [2026-04-25T10:05:52.817+0000] {dag.py:3036} INFO - Sync 1 DAGs
[2026-04-25T10:05:52.851+0000] {logging_mixin.py:188} INFO - [2026-04-25T10:05:52.849+0000] {dag.py:3823} INFO - Setting next_dagrun for batch_pipeline to 2026-04-25 10:04:00+00:00, run_after=2026-04-25 10:06:00+00:00
[2026-04-25T10:05:52.891+0000] {processor.py:183} INFO - Processing /opt/airflow/dags/batch_pipeline_dag.py took 0.134 seconds
[2026-04-25T10:06:22.982+0000] {processor.py:161} INFO - Started process (PID=76) to work on /opt/airflow/dags/batch_pipeline_dag.py
[2026-04-25T10:06:22.983+0000] {processor.py:830} INFO - Processing file /opt/airflow/dags/batch_pipeline_dag.py for tasks to queue
[2026-04-25T10:06:22.984+0000] {logging_mixin.py:188} INFO - [2026-04-25T10:06:22.984+0000] {dagbag.py:538} INFO - Filling up the DagBag from /opt/airflow/dags/batch_pipeline_dag.py
[2026-04-25T10:06:22.993+0000] {processor.py:840} INFO - DAG(s) 'batch_pipeline' retrieved from /opt/airflow/dags/batch_pipeline_dag.py
[2026-04-25T10:06:23.034+0000] {logging_mixin.py:188} INFO - [2026-04-25T10:06:23.033+0000] {dag.py:3036} INFO - Sync 1 DAGs
[2026-04-25T10:06:23.070+0000] {logging_mixin.py:188} INFO - [2026-04-25T10:06:23.069+0000] {dag.py:3823} INFO - Setting next_dagrun for batch_pipeline to 2026-04-25 10:06:00+00:00, run_after=2026-04-25 10:08:00+00:00
[2026-04-25T10:06:23.105+0000] {processor.py:183} INFO - Processing /opt/airflow/dags/batch_pipeline_dag.py took 0.129 seconds
[2026-04-25T10:06:53.287+0000] {processor.py:161} INFO - Started process (PID=77) to work on /opt/airflow/dags/batch_pipeline_dag.py
[2026-04-25T10:06:53.288+0000] {processor.py:830} INFO - Processing file /opt/airflow/dags/batch_pipeline_dag.py for tasks to queue
[2026-04-25T10:06:53.289+0000] {logging_mixin.py:188} INFO - [2026-04-25T10:06:53.289+0000] {dagbag.py:538} INFO - Filling up the DagBag from /opt/airflow/dags/batch_pipeline_dag.py
[2026-04-25T10:06:53.304+0000] {processor.py:840} INFO - DAG(s) 'batch_pipeline' retrieved from /opt/airflow/dags/batch_pipeline_dag.py
[2026-04-25T10:06:53.366+0000] {logging_mixin.py:188} INFO - [2026-04-25T10:06:53.366+0000] {dag.py:3036} INFO - Sync 1 DAGs
[2026-04-25T10:06:53.406+0000] {logging_mixin.py:188} INFO - [2026-04-25T10:06:53.405+0000] {dag.py:3823} INFO - Setting next_dagrun for batch_pipeline to 2026-04-25 10:06:00+00:00, run_after=2026-04-25 10:08:00+00:00
[2026-04-25T10:06:53.440+0000] {processor.py:183} INFO - Processing /opt/airflow/dags/batch_pipeline_dag.py took 0.156 seconds
[2026-04-25T10:07:23.571+0000] {processor.py:161} INFO - Started process (PID=78) to work on /opt/airflow/dags/batch_pipeline_dag.py
[2026-04-25T10:07:23.572+0000] {processor.py:830} INFO - Processing file /opt/airflow/dags/batch_pipeline_dag.py for tasks to queue
[2026-04-25T10:07:23.572+0000] {logging_mixin.py:188} INFO - [2026-04-25T10:07:23.572+0000] {dagbag.py:538} INFO - Filling up the DagBag from /opt/airflow/dags/batch_pipeline_dag.py
[2026-04-25T10:07:23.584+0000] {processor.py:840} INFO - DAG(s) 'batch_pipeline' retrieved from /opt/airflow/dags/batch_pipeline_dag.py
[2026-04-25T10:07:23.621+0000] {logging_mixin.py:188} INFO - [2026-04-25T10:07:23.621+0000] {dag.py:3036} INFO - Sync 1 DAGs
[2026-04-25T10:07:23.657+0000] {logging_mixin.py:188} INFO - [2026-04-25T10:07:23.657+0000] {dag.py:3823} INFO - Setting next_dagrun for batch_pipeline to 2026-04-25 10:06:00+00:00, run_after=2026-04-25 10:08:00+00:00
[2026-04-25T10:07:23.686+0000] {processor.py:183} INFO - Processing /opt/airflow/dags/batch_pipeline_dag.py took 0.119 seconds
[2026-04-25T10:07:53.898+0000] {processor.py:161} INFO - Started process (PID=79) to work on /opt/airflow/dags/batch_pipeline_dag.py
[2026-04-25T10:07:53.901+0000] {processor.py:830} INFO - Processing file /opt/airflow/dags/batch_pipeline_dag.py for tasks to queue
[2026-04-25T10:07:53.903+0000] {logging_mixin.py:188} INFO - [2026-04-25T10:07:53.902+0000] {dagbag.py:538} INFO - Filling up the DagBag from /opt/airflow/dags/batch_pipeline_dag.py
[2026-04-25T10:07:53.918+0000] {processor.py:840} INFO - DAG(s) 'batch_pipeline' retrieved from /opt/airflow/dags/batch_pipeline_dag.py
[2026-04-25T10:07:53.963+0000] {logging_mixin.py:188} INFO - [2026-04-25T10:07:53.962+0000] {dag.py:3036} INFO - Sync 1 DAGs
[2026-04-25T10:07:54.005+0000] {logging_mixin.py:188} INFO - [2026-04-25T10:07:54.005+0000] {dag.py:3823} INFO - Setting next_dagrun for batch_pipeline to 2026-04-25 10:06:00+00:00, run_after=2026-04-25 10:08:00+00:00
[2026-04-25T10:07:54.669+0000] {processor.py:183} INFO - Processing /opt/airflow/dags/batch_pipeline_dag.py took 0.780 seconds
[2026-04-25T10:08:24.927+0000] {processor.py:161} INFO - Started process (PID=80) to work on /opt/airflow/dags/batch_pipeline_dag.py
[2026-04-25T10:08:24.929+0000] {processor.py:830} INFO - Processing file /opt/airflow/dags/batch_pipeline_dag.py for tasks to queue
[2026-04-25T10:08:24.933+0000] {logging_mixin.py:188} INFO - [2026-04-25T10:08:24.932+0000] {dagbag.py:538} INFO - Filling up the DagBag from /opt/airflow/dags/batch_pipeline_dag.py
[2026-04-25T10:08:24.952+0000] {processor.py:840} INFO - DAG(s) 'batch_pipeline' retrieved from /opt/airflow/dags/batch_pipeline_dag.py
[2026-04-25T10:08:25.084+0000] {logging_mixin.py:188} INFO - [2026-04-25T10:08:25.084+0000] {dag.py:3036} INFO - Sync 1 DAGs
[2026-04-25T10:08:25.427+0000] {logging_mixin.py:188} INFO - [2026-04-25T10:08:25.427+0000] {dag.py:3823} INFO - Setting next_dagrun for batch_pipeline to 2026-04-25 10:08:00+00:00, run_after=2026-04-25 10:10:00+00:00
[2026-04-25T10:08:25.464+0000] {processor.py:183} INFO - Processing /opt/airflow/dags/batch_pipeline_dag.py took 0.544 seconds
[2026-04-25T10:08:55.695+0000] {processor.py:161} INFO - Started process (PID=81) to work on /opt/airflow/dags/batch_pipeline_dag.py
[2026-04-25T10:08:55.698+0000] {processor.py:830} INFO - Processing file /opt/airflow/dags/batch_pipeline_dag.py for tasks to queue
[2026-04-25T10:08:55.699+0000] {logging_mixin.py:188} INFO - [2026-04-25T10:08:55.699+0000] {dagbag.py:538} INFO - Filling up the DagBag from /opt/airflow/dags/batch_pipeline_dag.py
[2026-04-25T10:08:55.711+0000] {processor.py:840} INFO - DAG(s) 'batch_pipeline' retrieved from /opt/airflow/dags/batch_pipeline_dag.py
[2026-04-25T10:08:55.747+0000] {logging_mixin.py:188} INFO - [2026-04-25T10:08:55.747+0000] {dag.py:3036} INFO - Sync 1 DAGs
[2026-04-25T10:08:55.786+0000] {logging_mixin.py:188} INFO - [2026-04-25T10:08:55.785+0000] {dag.py:3823} INFO - Setting next_dagrun for batch_pipeline to 2026-04-25 10:08:00+00:00, run_after=2026-04-25 10:10:00+00:00
[2026-04-25T10:08:55.831+0000] {processor.py:183} INFO - Processing /opt/airflow/dags/batch_pipeline_dag.py took 0.143 seconds
[2026-04-25T10:09:25.899+0000] {processor.py:161} INFO - Started process (PID=82) to work on /opt/airflow/dags/batch_pipeline_dag.py
[2026-04-25T10:09:25.900+0000] {processor.py:830} INFO - Processing file /opt/airflow/dags/batch_pipeline_dag.py for tasks to queue
[2026-04-25T10:09:25.901+0000] {logging_mixin.py:188} INFO - [2026-04-25T10:09:25.901+0000] {dagbag.py:538} INFO - Filling up the DagBag from /opt/airflow/dags/batch_pipeline_dag.py
[2026-04-25T10:09:25.913+0000] {processor.py:840} INFO - DAG(s) 'batch_pipeline' retrieved from /opt/airflow/dags/batch_pipeline_dag.py
[2026-04-25T10:09:25.944+0000] {logging_mixin.py:188} INFO - [2026-04-25T10:09:25.944+0000] {dag.py:3036} INFO - Sync 1 DAGs
[2026-04-25T10:09:25.973+0000] {logging_mixin.py:188} INFO - [2026-04-25T10:09:25.973+0000] {dag.py:3823} INFO - Setting next_dagrun for batch_pipeline to 2026-04-25 10:08:00+00:00, run_after=2026-04-25 10:10:00+00:00
[2026-04-25T10:09:26.002+0000] {processor.py:183} INFO - Processing /opt/airflow/dags/batch_pipeline_dag.py took 0.106 seconds
[2026-04-25T10:09:56.113+0000] {processor.py:161} INFO - Started process (PID=83) to work on /opt/airflow/dags/batch_pipeline_dag.py
[2026-04-25T10:09:56.115+0000] {processor.py:830} INFO - Processing file /opt/airflow/dags/batch_pipeline_dag.py for tasks to queue
[2026-04-25T10:09:56.116+0000] {logging_mixin.py:188} INFO - [2026-04-25T10:09:56.116+0000] {dagbag.py:538} INFO - Filling up the DagBag from /opt/airflow/dags/batch_pipeline_dag.py
[2026-04-25T10:09:56.128+0000] {processor.py:840} INFO - DAG(s) 'batch_pipeline' retrieved from /opt/airflow/dags/batch_pipeline_dag.py
[2026-04-25T10:09:56.165+0000] {logging_mixin.py:188} INFO - [2026-04-25T10:09:56.164+0000] {dag.py:3036} INFO - Sync 1 DAGs
[2026-04-25T10:09:56.199+0000] {logging_mixin.py:188} INFO - [2026-04-25T10:09:56.199+0000] {dag.py:3823} INFO - Setting next_dagrun for batch_pipeline to 2026-04-25 10:08:00+00:00, run_after=2026-04-25 10:10:00+00:00
[2026-04-25T10:09:56.229+0000] {processor.py:183} INFO - Processing /opt/airflow/dags/batch_pipeline_dag.py took 0.123 seconds
[2026-04-25T10:10:26.416+0000] {processor.py:161} INFO - Started process (PID=84) to work on /opt/airflow/dags/batch_pipeline_dag.py
[2026-04-25T10:10:26.417+0000] {processor.py:830} INFO - Processing file /opt/airflow/dags/batch_pipeline_dag.py for tasks to queue
[2026-04-25T10:10:26.418+0000] {logging_mixin.py:188} INFO - [2026-04-25T10:10:26.417+0000] {dagbag.py:538} INFO - Filling up the DagBag from /opt/airflow/dags/batch_pipeline_dag.py
[2026-04-25T10:10:26.434+0000] {processor.py:840} INFO - DAG(s) 'batch_pipeline' retrieved from /opt/airflow/dags/batch_pipeline_dag.py
[2026-04-25T10:10:26.484+0000] {logging_mixin.py:188} INFO - [2026-04-25T10:10:26.484+0000] {dag.py:3036} INFO - Sync 1 DAGs
[2026-04-25T10:10:26.530+0000] {logging_mixin.py:188} INFO - [2026-04-25T10:10:26.529+0000] {dag.py:3823} INFO - Setting next_dagrun for batch_pipeline to 2026-04-25 10:10:00+00:00, run_after=2026-04-25 10:12:00+00:00
[2026-04-25T10:10:26.561+0000] {processor.py:183} INFO - Processing /opt/airflow/dags/batch_pipeline_dag.py took 0.149 seconds
[2026-04-25T10:10:56.650+0000] {processor.py:161} INFO - Started process (PID=85) to work on /opt/airflow/dags/batch_pipeline_dag.py
[2026-04-25T10:10:56.652+0000] {processor.py:830} INFO - Processing file /opt/airflow/dags/batch_pipeline_dag.py for tasks to queue
[2026-04-25T10:10:56.655+0000] {logging_mixin.py:188} INFO - [2026-04-25T10:10:56.654+0000] {dagbag.py:538} INFO - Filling up the DagBag from /opt/airflow/dags/batch_pipeline_dag.py
[2026-04-25T10:10:56.666+0000] {processor.py:840} INFO - DAG(s) 'batch_pipeline' retrieved from /opt/airflow/dags/batch_pipeline_dag.py
[2026-04-25T10:10:56.700+0000] {logging_mixin.py:188} INFO - [2026-04-25T10:10:56.700+0000] {dag.py:3036} INFO - Sync 1 DAGs
[2026-04-25T10:10:56.733+0000] {logging_mixin.py:188} INFO - [2026-04-25T10:10:56.733+0000] {dag.py:3823} INFO - Setting next_dagrun for batch_pipeline to 2026-04-25 10:10:00+00:00, run_after=2026-04-25 10:12:00+00:00
[2026-04-25T10:10:57.128+0000] {processor.py:183} INFO - Processing /opt/airflow/dags/batch_pipeline_dag.py took 0.482 seconds
[2026-04-25T10:11:27.361+0000] {processor.py:161} INFO - Started process (PID=86) to work on /opt/airflow/dags/batch_pipeline_dag.py
[2026-04-25T10:11:27.362+0000] {processor.py:830} INFO - Processing file /opt/airflow/dags/batch_pipeline_dag.py for tasks to queue
[2026-04-25T10:11:27.363+0000] {logging_mixin.py:188} INFO - [2026-04-25T10:11:27.363+0000] {dagbag.py:538} INFO - Filling up the DagBag from /opt/airflow/dags/batch_pipeline_dag.py
[2026-04-25T10:11:27.375+0000] {processor.py:840} INFO - DAG(s) 'batch_pipeline' retrieved from /opt/airflow/dags/batch_pipeline_dag.py
[2026-04-25T10:11:27.432+0000] {logging_mixin.py:188} INFO - [2026-04-25T10:11:27.431+0000] {dag.py:3036} INFO - Sync 1 DAGs
[2026-04-25T10:11:27.661+0000] {logging_mixin.py:188} INFO - [2026-04-25T10:11:27.661+0000] {dag.py:3823} INFO - Setting next_dagrun for batch_pipeline to 2026-04-25 10:10:00+00:00, run_after=2026-04-25 10:12:00+00:00
[2026-04-25T10:11:27.690+0000] {processor.py:183} INFO - Processing /opt/airflow/dags/batch_pipeline_dag.py took 0.332 seconds
[2026-04-25T10:11:57.916+0000] {processor.py:161} INFO - Started process (PID=87) to work on /opt/airflow/dags/batch_pipeline_dag.py
[2026-04-25T10:11:57.917+0000] {processor.py:830} INFO - Processing file /opt/airflow/dags/batch_pipeline_dag.py for tasks to queue
[2026-04-25T10:11:57.921+0000] {logging_mixin.py:188} INFO - [2026-04-25T10:11:57.919+0000] {dagbag.py:538} INFO - Filling up the DagBag from /opt/airflow/dags/batch_pipeline_dag.py
[2026-04-25T10:11:57.938+0000] {processor.py:840} INFO - DAG(s) 'batch_pipeline' retrieved from /opt/airflow/dags/batch_pipeline_dag.py
[2026-04-25T10:11:57.978+0000] {logging_mixin.py:188} INFO - [2026-04-25T10:11:57.978+0000] {dag.py:3036} INFO - Sync 1 DAGs
[2026-04-25T10:11:58.010+0000] {logging_mixin.py:188} INFO - [2026-04-25T10:11:58.010+0000] {dag.py:3823} INFO - Setting next_dagrun for batch_pipeline to 2026-04-25 10:10:00+00:00, run_after=2026-04-25 10:12:00+00:00
[2026-04-25T10:11:58.039+0000] {processor.py:183} INFO - Processing /opt/airflow/dags/batch_pipeline_dag.py took 0.127 seconds
[2026-04-25T10:12:28.115+0000] {processor.py:161} INFO - Started process (PID=88) to work on /opt/airflow/dags/batch_pipeline_dag.py
[2026-04-25T10:12:28.116+0000] {processor.py:830} INFO - Processing file /opt/airflow/dags/batch_pipeline_dag.py for tasks to queue
[2026-04-25T10:12:28.118+0000] {logging_mixin.py:188} INFO - [2026-04-25T10:12:28.117+0000] {dagbag.py:538} INFO - Filling up the DagBag from /opt/airflow/dags/batch_pipeline_dag.py
[2026-04-25T10:12:28.128+0000] {processor.py:840} INFO - DAG(s) 'batch_pipeline' retrieved from /opt/airflow/dags/batch_pipeline_dag.py
[2026-04-25T10:12:28.162+0000] {logging_mixin.py:188} INFO - [2026-04-25T10:12:28.162+0000] {dag.py:3036} INFO - Sync 1 DAGs
[2026-04-25T10:12:28.194+0000] {logging_mixin.py:188} INFO - [2026-04-25T10:12:28.193+0000] {dag.py:3823} INFO - Setting next_dagrun for batch_pipeline to 2026-04-25 10:12:00+00:00, run_after=2026-04-25 10:14:00+00:00
[2026-04-25T10:12:28.222+0000] {processor.py:183} INFO - Processing /opt/airflow/dags/batch_pipeline_dag.py took 0.110 seconds
[2026-04-25T10:12:58.344+0000] {processor.py:161} INFO - Started process (PID=89) to work on /opt/airflow/dags/batch_pipeline_dag.py
[2026-04-25T10:12:58.347+0000] {processor.py:830} INFO - Processing file /opt/airflow/dags/batch_pipeline_dag.py for tasks to queue
[2026-04-25T10:12:58.349+0000] {logging_mixin.py:188} INFO - [2026-04-25T10:12:58.348+0000] {dagbag.py:538} INFO - Filling up the DagBag from /opt/airflow/dags/batch_pipeline_dag.py
[2026-04-25T10:12:58.359+0000] {processor.py:840} INFO - DAG(s) 'batch_pipeline' retrieved from /opt/airflow/dags/batch_pipeline_dag.py
[2026-04-25T10:12:58.394+0000] {logging_mixin.py:188} INFO - [2026-04-25T10:12:58.394+0000] {dag.py:3036} INFO - Sync 1 DAGs
[2026-04-25T10:12:58.428+0000] {logging_mixin.py:188} INFO - [2026-04-25T10:12:58.428+0000] {dag.py:3823} INFO - Setting next_dagrun for batch_pipeline to 2026-04-25 10:12:00+00:00, run_after=2026-04-25 10:14:00+00:00
[2026-04-25T10:12:58.458+0000] {processor.py:183} INFO - Processing /opt/airflow/dags/batch_pipeline_dag.py took 0.116 seconds
[2026-04-25T10:13:28.631+0000] {processor.py:161} INFO - Started process (PID=90) to work on /opt/airflow/dags/batch_pipeline_dag.py
[2026-04-25T10:13:28.634+0000] {processor.py:830} INFO - Processing file /opt/airflow/dags/batch_pipeline_dag.py for tasks to queue
[2026-04-25T10:13:28.635+0000] {logging_mixin.py:188} INFO - [2026-04-25T10:13:28.635+0000] {dagbag.py:538} INFO - Filling up the DagBag from /opt/airflow/dags/batch_pipeline_dag.py
[2026-04-25T10:13:28.647+0000] {processor.py:840} INFO - DAG(s) 'batch_pipeline' retrieved from /opt/airflow/dags/batch_pipeline_dag.py
[2026-04-25T10:13:28.682+0000] {logging_mixin.py:188} INFO - [2026-04-25T10:13:28.682+0000] {dag.py:3036} INFO - Sync 1 DAGs
[2026-04-25T10:13:28.716+0000] {logging_mixin.py:188} INFO - [2026-04-25T10:13:28.716+0000] {dag.py:3823} INFO - Setting next_dagrun for batch_pipeline to 2026-04-25 10:12:00+00:00, run_after=2026-04-25 10:14:00+00:00
[2026-04-25T10:13:28.743+0000] {processor.py:183} INFO - Processing /opt/airflow/dags/batch_pipeline_dag.py took 0.116 seconds
[2026-04-25T10:13:58.869+0000] {processor.py:161} INFO - Started process (PID=91) to work on /opt/airflow/dags/batch_pipeline_dag.py
[2026-04-25T10:13:58.872+0000] {processor.py:830} INFO - Processing file /opt/airflow/dags/batch_pipeline_dag.py for tasks to queue
[2026-04-25T10:13:58.873+0000] {logging_mixin.py:188} INFO - [2026-04-25T10:13:58.872+0000] {dagbag.py:538} INFO - Filling up the DagBag from /opt/airflow/dags/batch_pipeline_dag.py
[2026-04-25T10:13:58.883+0000] {processor.py:840} INFO - DAG(s) 'batch_pipeline' retrieved from /opt/airflow/dags/batch_pipeline_dag.py
[2026-04-25T10:13:58.921+0000] {logging_mixin.py:188} INFO - [2026-04-25T10:13:58.921+0000] {dag.py:3036} INFO - Sync 1 DAGs
[2026-04-25T10:13:59.112+0000] {logging_mixin.py:188} INFO - [2026-04-25T10:13:59.111+0000] {dag.py:3823} INFO - Setting next_dagrun for batch_pipeline to 2026-04-25 10:12:00+00:00, run_after=2026-04-25 10:14:00+00:00
[2026-04-25T10:13:59.142+0000] {processor.py:183} INFO - Processing /opt/airflow/dags/batch_pipeline_dag.py took 0.278 seconds
[2026-04-25T10:14:29.375+0000] {processor.py:161} INFO - Started process (PID=92) to work on /opt/airflow/dags/batch_pipeline_dag.py
[2026-04-25T10:14:29.376+0000] {processor.py:830} INFO - Processing file /opt/airflow/dags/batch_pipeline_dag.py for tasks to queue
[2026-04-25T10:14:29.377+0000] {logging_mixin.py:188} INFO - [2026-04-25T10:14:29.377+0000] {dagbag.py:538} INFO - Filling up the DagBag from /opt/airflow/dags/batch_pipeline_dag.py
[2026-04-25T10:14:29.388+0000] {processor.py:840} INFO - DAG(s) 'batch_pipeline' retrieved from /opt/airflow/dags/batch_pipeline_dag.py
[2026-04-25T10:14:29.425+0000] {logging_mixin.py:188} INFO - [2026-04-25T10:14:29.425+0000] {dag.py:3036} INFO - Sync 1 DAGs
[2026-04-25T10:14:29.459+0000] {logging_mixin.py:188} INFO - [2026-04-25T10:14:29.459+0000] {dag.py:3823} INFO - Setting next_dagrun for batch_pipeline to 2026-04-25 10:14:00+00:00, run_after=2026-04-25 10:16:00+00:00
[2026-04-25T10:14:29.488+0000] {processor.py:183} INFO - Processing /opt/airflow/dags/batch_pipeline_dag.py took 0.116 seconds
[2026-04-25T10:14:59.591+0000] {processor.py:161} INFO - Started process (PID=93) to work on /opt/airflow/dags/batch_pipeline_dag.py
[2026-04-25T10:14:59.594+0000] {processor.py:830} INFO - Processing file /opt/airflow/dags/batch_pipeline_dag.py for tasks to queue
[2026-04-25T10:14:59.596+0000] {logging_mixin.py:188} INFO - [2026-04-25T10:14:59.595+0000] {dagbag.py:538} INFO - Filling up the DagBag from /opt/airflow/dags/batch_pipeline_dag.py
[2026-04-25T10:14:59.606+0000] {processor.py:840} INFO - DAG(s) 'batch_pipeline' retrieved from /opt/airflow/dags/batch_pipeline_dag.py
[2026-04-25T10:14:59.641+0000] {logging_mixin.py:188} INFO - [2026-04-25T10:14:59.640+0000] {dag.py:3036} INFO - Sync 1 DAGs
[2026-04-25T10:14:59.673+0000] {logging_mixin.py:188} INFO - [2026-04-25T10:14:59.672+0000] {dag.py:3823} INFO - Setting next_dagrun for batch_pipeline to 2026-04-25 10:14:00+00:00, run_after=2026-04-25 10:16:00+00:00
[2026-04-25T10:14:59.701+0000] {processor.py:183} INFO - Processing /opt/airflow/dags/batch_pipeline_dag.py took 0.113 seconds
[2026-04-25T10:15:29.908+0000] {processor.py:161} INFO - Started process (PID=94) to work on /opt/airflow/dags/batch_pipeline_dag.py
[2026-04-25T10:15:29.909+0000] {processor.py:830} INFO - Processing file /opt/airflow/dags/batch_pipeline_dag.py for tasks to queue
[2026-04-25T10:15:29.910+0000] {logging_mixin.py:188} INFO - [2026-04-25T10:15:29.909+0000] {dagbag.py:538} INFO - Filling up the DagBag from /opt/airflow/dags/batch_pipeline_dag.py
[2026-04-25T10:15:29.920+0000] {processor.py:840} INFO - DAG(s) 'batch_pipeline' retrieved from /opt/airflow/dags/batch_pipeline_dag.py
[2026-04-25T10:15:29.956+0000] {logging_mixin.py:188} INFO - [2026-04-25T10:15:29.955+0000] {dag.py:3036} INFO - Sync 1 DAGs
[2026-04-25T10:15:29.989+0000] {logging_mixin.py:188} INFO - [2026-04-25T10:15:29.989+0000] {dag.py:3823} INFO - Setting next_dagrun for batch_pipeline to 2026-04-25 10:14:00+00:00, run_after=2026-04-25 10:16:00+00:00
[2026-04-25T10:15:30.020+0000] {processor.py:183} INFO - Processing /opt/airflow/dags/batch_pipeline_dag.py took 0.116 seconds
[2026-04-25T10:16:00.135+0000] {processor.py:161} INFO - Started process (PID=95) to work on /opt/airflow/dags/batch_pipeline_dag.py
[2026-04-25T10:16:00.138+0000] {processor.py:830} INFO - Processing file /opt/airflow/dags/batch_pipeline_dag.py for tasks to queue
[2026-04-25T10:16:00.139+0000] {logging_mixin.py:188} INFO - [2026-04-25T10:16:00.138+0000] {dagbag.py:538} INFO - Filling up the DagBag from /opt/airflow/dags/batch_pipeline_dag.py
[2026-04-25T10:16:00.153+0000] {processor.py:840} INFO - DAG(s) 'batch_pipeline' retrieved from /opt/airflow/dags/batch_pipeline_dag.py
[2026-04-25T10:16:00.200+0000] {logging_mixin.py:188} INFO - [2026-04-25T10:16:00.200+0000] {dag.py:3036} INFO - Sync 1 DAGs
[2026-04-25T10:16:00.298+0000] {processor.py:183} INFO - Processing /opt/airflow/dags/batch_pipeline_dag.py took 0.167 seconds
[2026-04-25T10:16:30.450+0000] {processor.py:161} INFO - Started process (PID=96) to work on /opt/airflow/dags/batch_pipeline_dag.py
[2026-04-25T10:16:30.451+0000] {processor.py:830} INFO - Processing file /opt/airflow/dags/batch_pipeline_dag.py for tasks to queue
[2026-04-25T10:16:30.452+0000] {logging_mixin.py:188} INFO - [2026-04-25T10:16:30.452+0000] {dagbag.py:538} INFO - Filling up the DagBag from /opt/airflow/dags/batch_pipeline_dag.py
[2026-04-25T10:16:30.467+0000] {processor.py:840} INFO - DAG(s) 'batch_pipeline' retrieved from /opt/airflow/dags/batch_pipeline_dag.py
[2026-04-25T10:16:30.504+0000] {logging_mixin.py:188} INFO - [2026-04-25T10:16:30.504+0000] {dag.py:3036} INFO - Sync 1 DAGs
[2026-04-25T10:16:30.538+0000] {logging_mixin.py:188} INFO - [2026-04-25T10:16:30.537+0000] {dag.py:3823} INFO - Setting next_dagrun for batch_pipeline to 2026-04-25 10:16:00+00:00, run_after=2026-04-25 10:18:00+00:00
[2026-04-25T10:16:30.568+0000] {processor.py:183} INFO - Processing /opt/airflow/dags/batch_pipeline_dag.py took 0.122 seconds
[2026-04-25T10:17:00.703+0000] {processor.py:161} INFO - Started process (PID=97) to work on /opt/airflow/dags/batch_pipeline_dag.py
[2026-04-25T10:17:00.706+0000] {processor.py:830} INFO - Processing file /opt/airflow/dags/batch_pipeline_dag.py for tasks to queue
[2026-04-25T10:17:00.707+0000] {logging_mixin.py:188} INFO - [2026-04-25T10:17:00.707+0000] {dagbag.py:538} INFO - Filling up the DagBag from /opt/airflow/dags/batch_pipeline_dag.py
[2026-04-25T10:17:00.717+0000] {processor.py:840} INFO - DAG(s) 'batch_pipeline' retrieved from /opt/airflow/dags/batch_pipeline_dag.py
[2026-04-25T10:17:00.758+0000] {logging_mixin.py:188} INFO - [2026-04-25T10:17:00.757+0000] {dag.py:3036} INFO - Sync 1 DAGs
[2026-04-25T10:17:01.009+0000] {logging_mixin.py:188} INFO - [2026-04-25T10:17:01.009+0000] {dag.py:3823} INFO - Setting next_dagrun for batch_pipeline to 2026-04-25 10:16:00+00:00, run_after=2026-04-25 10:18:00+00:00
[2026-04-25T10:17:01.044+0000] {processor.py:183} INFO - Processing /opt/airflow/dags/batch_pipeline_dag.py took 0.346 seconds
[2026-04-25T10:17:31.289+0000] {processor.py:161} INFO - Started process (PID=98) to work on /opt/airflow/dags/batch_pipeline_dag.py
[2026-04-25T10:17:31.290+0000] {processor.py:830} INFO - Processing file /opt/airflow/dags/batch_pipeline_dag.py for tasks to queue
[2026-04-25T10:17:31.295+0000] {logging_mixin.py:188} INFO - [2026-04-25T10:17:31.295+0000] {dagbag.py:538} INFO - Filling up the DagBag from /opt/airflow/dags/batch_pipeline_dag.py
[2026-04-25T10:17:31.304+0000] {processor.py:840} INFO - DAG(s) 'batch_pipeline' retrieved from /opt/airflow/dags/batch_pipeline_dag.py
[2026-04-25T10:17:31.344+0000] {logging_mixin.py:188} INFO - [2026-04-25T10:17:31.343+0000] {dag.py:3036} INFO - Sync 1 DAGs
[2026-04-25T10:17:31.382+0000] {logging_mixin.py:188} INFO - [2026-04-25T10:17:31.382+0000] {dag.py:3823} INFO - Setting next_dagrun for batch_pipeline to 2026-04-25 10:16:00+00:00, run_after=2026-04-25 10:18:00+00:00
[2026-04-25T10:17:31.409+0000] {processor.py:183} INFO - Processing /opt/airflow/dags/batch_pipeline_dag.py took 0.123 seconds
[2026-04-25T10:18:01.562+0000] {processor.py:161} INFO - Started process (PID=99) to work on /opt/airflow/dags/batch_pipeline_dag.py
[2026-04-25T10:18:01.564+0000] {processor.py:830} INFO - Processing file /opt/airflow/dags/batch_pipeline_dag.py for tasks to queue
[2026-04-25T10:18:01.565+0000] {logging_mixin.py:188} INFO - [2026-04-25T10:18:01.565+0000] {dagbag.py:538} INFO - Filling up the DagBag from /opt/airflow/dags/batch_pipeline_dag.py
[2026-04-25T10:18:01.581+0000] {processor.py:840} INFO - DAG(s) 'batch_pipeline' retrieved from /opt/airflow/dags/batch_pipeline_dag.py
[2026-04-25T10:18:01.668+0000] {logging_mixin.py:188} INFO - [2026-04-25T10:18:01.667+0000] {dag.py:3036} INFO - Sync 1 DAGs
[2026-04-25T10:18:01.778+0000] {processor.py:183} INFO - Processing /opt/airflow/dags/batch_pipeline_dag.py took 0.223 seconds
[2026-04-25T10:18:31.887+0000] {processor.py:161} INFO - Started process (PID=100) to work on /opt/airflow/dags/batch_pipeline_dag.py
[2026-04-25T10:18:31.889+0000] {processor.py:830} INFO - Processing file /opt/airflow/dags/batch_pipeline_dag.py for tasks to queue
[2026-04-25T10:18:31.895+0000] {logging_mixin.py:188} INFO - [2026-04-25T10:18:31.892+0000] {dagbag.py:538} INFO - Filling up the DagBag from /opt/airflow/dags/batch_pipeline_dag.py
[2026-04-25T10:18:31.918+0000] {processor.py:840} INFO - DAG(s) 'batch_pipeline' retrieved from /opt/airflow/dags/batch_pipeline_dag.py
[2026-04-25T10:18:32.007+0000] {logging_mixin.py:188} INFO - [2026-04-25T10:18:32.006+0000] {dag.py:3036} INFO - Sync 1 DAGs
[2026-04-25T10:18:32.085+0000] {logging_mixin.py:188} INFO - [2026-04-25T10:18:32.085+0000] {dag.py:3823} INFO - Setting next_dagrun for batch_pipeline to 2026-04-25 10:18:00+00:00, run_after=2026-04-25 10:20:00+00:00
[2026-04-25T10:18:32.145+0000] {processor.py:183} INFO - Processing /opt/airflow/dags/batch_pipeline_dag.py took 0.263 seconds
[2026-04-25T10:19:02.243+0000] {processor.py:161} INFO - Started process (PID=101) to work on /opt/airflow/dags/batch_pipeline_dag.py
[2026-04-25T10:19:02.245+0000] {processor.py:830} INFO - Processing file /opt/airflow/dags/batch_pipeline_dag.py for tasks to queue
[2026-04-25T10:19:02.247+0000] {logging_mixin.py:188} INFO - [2026-04-25T10:19:02.247+0000] {dagbag.py:538} INFO - Filling up the DagBag from /opt/airflow/dags/batch_pipeline_dag.py
[2026-04-25T10:19:02.265+0000] {processor.py:840} INFO - DAG(s) 'batch_pipeline' retrieved from /opt/airflow/dags/batch_pipeline_dag.py
[2026-04-25T10:19:02.369+0000] {logging_mixin.py:188} INFO - [2026-04-25T10:19:02.368+0000] {dag.py:3036} INFO - Sync 1 DAGs
[2026-04-25T10:19:02.411+0000] {logging_mixin.py:188} INFO - [2026-04-25T10:19:02.410+0000] {dag.py:3823} INFO - Setting next_dagrun for batch_pipeline to 2026-04-25 10:18:00+00:00, run_after=2026-04-25 10:20:00+00:00
[2026-04-25T10:19:02.436+0000] {processor.py:183} INFO - Processing /opt/airflow/dags/batch_pipeline_dag.py took 0.198 seconds
[2026-04-25T10:19:32.598+0000] {processor.py:161} INFO - Started process (PID=102) to work on /opt/airflow/dags/batch_pipeline_dag.py
[2026-04-25T10:19:32.599+0000] {processor.py:830} INFO - Processing file /opt/airflow/dags/batch_pipeline_dag.py for tasks to queue
[2026-04-25T10:19:32.600+0000] {logging_mixin.py:188} INFO - [2026-04-25T10:19:32.600+0000] {dagbag.py:538} INFO - Filling up the DagBag from /opt/airflow/dags/batch_pipeline_dag.py
[2026-04-25T10:19:32.613+0000] {processor.py:840} INFO - DAG(s) 'batch_pipeline' retrieved from /opt/airflow/dags/batch_pipeline_dag.py
[2026-04-25T10:19:32.649+0000] {logging_mixin.py:188} INFO - [2026-04-25T10:19:32.649+0000] {dag.py:3036} INFO - Sync 1 DAGs
[2026-04-25T10:19:32.681+0000] {logging_mixin.py:188} INFO - [2026-04-25T10:19:32.681+0000] {dag.py:3823} INFO - Setting next_dagrun for batch_pipeline to 2026-04-25 10:18:00+00:00, run_after=2026-04-25 10:20:00+00:00
[2026-04-25T10:19:33.315+0000] {processor.py:183} INFO - Processing /opt/airflow/dags/batch_pipeline_dag.py took 0.720 seconds
[2026-04-25T10:20:03.577+0000] {processor.py:161} INFO - Started process (PID=103) to work on /opt/airflow/dags/batch_pipeline_dag.py
[2026-04-25T10:20:03.579+0000] {processor.py:830} INFO - Processing file /opt/airflow/dags/batch_pipeline_dag.py for tasks to queue
[2026-04-25T10:20:03.580+0000] {logging_mixin.py:188} INFO - [2026-04-25T10:20:03.579+0000] {dagbag.py:538} INFO - Filling up the DagBag from /opt/airflow/dags/batch_pipeline_dag.py
[2026-04-25T10:20:03.594+0000] {processor.py:840} INFO - DAG(s) 'batch_pipeline' retrieved from /opt/airflow/dags/batch_pipeline_dag.py
[2026-04-25T10:20:03.641+0000] {logging_mixin.py:188} INFO - [2026-04-25T10:20:03.641+0000] {dag.py:3036} INFO - Sync 1 DAGs
[2026-04-25T10:20:03.865+0000] {processor.py:183} INFO - Processing /opt/airflow/dags/batch_pipeline_dag.py took 0.292 seconds
[2026-04-25T10:20:34.050+0000] {processor.py:161} INFO - Started process (PID=104) to work on /opt/airflow/dags/batch_pipeline_dag.py
[2026-04-25T10:20:34.051+0000] {processor.py:830} INFO - Processing file /opt/airflow/dags/batch_pipeline_dag.py for tasks to queue
[2026-04-25T10:20:34.054+0000] {logging_mixin.py:188} INFO - [2026-04-25T10:20:34.053+0000] {dagbag.py:538} INFO - Filling up the DagBag from /opt/airflow/dags/batch_pipeline_dag.py
[2026-04-25T10:20:34.064+0000] {processor.py:840} INFO - DAG(s) 'batch_pipeline' retrieved from /opt/airflow/dags/batch_pipeline_dag.py
[2026-04-25T10:20:34.097+0000] {logging_mixin.py:188} INFO - [2026-04-25T10:20:34.096+0000] {dag.py:3036} INFO - Sync 1 DAGs
[2026-04-25T10:20:34.145+0000] {logging_mixin.py:188} INFO - [2026-04-25T10:20:34.144+0000] {dag.py:3823} INFO - Setting next_dagrun for batch_pipeline to 2026-04-25 10:20:00+00:00, run_after=2026-04-25 10:22:00+00:00
[2026-04-25T10:20:34.185+0000] {processor.py:183} INFO - Processing /opt/airflow/dags/batch_pipeline_dag.py took 0.138 seconds
[2026-04-25T10:21:04.289+0000] {processor.py:161} INFO - Started process (PID=105) to work on /opt/airflow/dags/batch_pipeline_dag.py
[2026-04-25T10:21:04.292+0000] {processor.py:830} INFO - Processing file /opt/airflow/dags/batch_pipeline_dag.py for tasks to queue
[2026-04-25T10:21:04.293+0000] {logging_mixin.py:188} INFO - [2026-04-25T10:21:04.293+0000] {dagbag.py:538} INFO - Filling up the DagBag from /opt/airflow/dags/batch_pipeline_dag.py
[2026-04-25T10:21:04.303+0000] {processor.py:840} INFO - DAG(s) 'batch_pipeline' retrieved from /opt/airflow/dags/batch_pipeline_dag.py
[2026-04-25T10:21:04.336+0000] {logging_mixin.py:188} INFO - [2026-04-25T10:21:04.336+0000] {dag.py:3036} INFO - Sync 1 DAGs
[2026-04-25T10:21:04.368+0000] {logging_mixin.py:188} INFO - [2026-04-25T10:21:04.368+0000] {dag.py:3823} INFO - Setting next_dagrun for batch_pipeline to 2026-04-25 10:20:00+00:00, run_after=2026-04-25 10:22:00+00:00
[2026-04-25T10:21:04.400+0000] {processor.py:183} INFO - Processing /opt/airflow/dags/batch_pipeline_dag.py took 0.114 seconds
[2026-04-25T10:21:34.611+0000] {processor.py:161} INFO - Started process (PID=106) to work on /opt/airflow/dags/batch_pipeline_dag.py
[2026-04-25T10:21:34.612+0000] {processor.py:830} INFO - Processing file /opt/airflow/dags/batch_pipeline_dag.py for tasks to queue
[2026-04-25T10:21:34.613+0000] {logging_mixin.py:188} INFO - [2026-04-25T10:21:34.613+0000] {dagbag.py:538} INFO - Filling up the DagBag from /opt/airflow/dags/batch_pipeline_dag.py
[2026-04-25T10:21:34.625+0000] {processor.py:840} INFO - DAG(s) 'batch_pipeline' retrieved from /opt/airflow/dags/batch_pipeline_dag.py
[2026-04-25T10:21:34.664+0000] {logging_mixin.py:188} INFO - [2026-04-25T10:21:34.664+0000] {dag.py:3036} INFO - Sync 1 DAGs
[2026-04-25T10:21:34.710+0000] {logging_mixin.py:188} INFO - [2026-04-25T10:21:34.710+0000] {dag.py:3823} INFO - Setting next_dagrun for batch_pipeline to 2026-04-25 10:20:00+00:00, run_after=2026-04-25 10:22:00+00:00
[2026-04-25T10:21:34.749+0000] {processor.py:183} INFO - Processing /opt/airflow/dags/batch_pipeline_dag.py took 0.141 seconds
[2026-04-25T10:22:04.863+0000] {processor.py:161} INFO - Started process (PID=107) to work on /opt/airflow/dags/batch_pipeline_dag.py
[2026-04-25T10:22:04.866+0000] {processor.py:830} INFO - Processing file /opt/airflow/dags/batch_pipeline_dag.py for tasks to queue
[2026-04-25T10:22:04.870+0000] {logging_mixin.py:188} INFO - [2026-04-25T10:22:04.869+0000] {dagbag.py:538} INFO - Filling up the DagBag from /opt/airflow/dags/batch_pipeline_dag.py
[2026-04-25T10:22:04.878+0000] {processor.py:840} INFO - DAG(s) 'batch_pipeline' retrieved from /opt/airflow/dags/batch_pipeline_dag.py
[2026-04-25T10:22:04.919+0000] {logging_mixin.py:188} INFO - [2026-04-25T10:22:04.919+0000] {dag.py:3036} INFO - Sync 1 DAGs
[2026-04-25T10:22:04.980+0000] {logging_mixin.py:188} INFO - [2026-04-25T10:22:04.980+0000] {dag.py:3823} INFO - Setting next_dagrun for batch_pipeline to 2026-04-25 10:22:00+00:00, run_after=2026-04-25 10:24:00+00:00
[2026-04-25T10:22:05.012+0000] {processor.py:183} INFO - Processing /opt/airflow/dags/batch_pipeline_dag.py took 0.152 seconds
[2026-04-25T10:22:35.189+0000] {processor.py:161} INFO - Started process (PID=108) to work on /opt/airflow/dags/batch_pipeline_dag.py
[2026-04-25T10:22:35.190+0000] {processor.py:830} INFO - Processing file /opt/airflow/dags/batch_pipeline_dag.py for tasks to queue
[2026-04-25T10:22:35.191+0000] {logging_mixin.py:188} INFO - [2026-04-25T10:22:35.191+0000] {dagbag.py:538} INFO - Filling up the DagBag from /opt/airflow/dags/batch_pipeline_dag.py
[2026-04-25T10:22:35.204+0000] {processor.py:840} INFO - DAG(s) 'batch_pipeline' retrieved from /opt/airflow/dags/batch_pipeline_dag.py
[2026-04-25T10:22:35.244+0000] {logging_mixin.py:188} INFO - [2026-04-25T10:22:35.244+0000] {dag.py:3036} INFO - Sync 1 DAGs
[2026-04-25T10:22:35.285+0000] {logging_mixin.py:188} INFO - [2026-04-25T10:22:35.284+0000] {dag.py:3823} INFO - Setting next_dagrun for batch_pipeline to 2026-04-25 10:22:00+00:00, run_after=2026-04-25 10:24:00+00:00
[2026-04-25T10:22:35.505+0000] {processor.py:183} INFO - Processing /opt/airflow/dags/batch_pipeline_dag.py took 0.319 seconds
[2026-04-25T10:23:05.743+0000] {processor.py:161} INFO - Started process (PID=109) to work on /opt/airflow/dags/batch_pipeline_dag.py
[2026-04-25T10:23:05.746+0000] {processor.py:830} INFO - Processing file /opt/airflow/dags/batch_pipeline_dag.py for tasks to queue
[2026-04-25T10:23:05.748+0000] {logging_mixin.py:188} INFO - [2026-04-25T10:23:05.747+0000] {dagbag.py:538} INFO - Filling up the DagBag from /opt/airflow/dags/batch_pipeline_dag.py
[2026-04-25T10:23:05.758+0000] {processor.py:840} INFO - DAG(s) 'batch_pipeline' retrieved from /opt/airflow/dags/batch_pipeline_dag.py
[2026-04-25T10:23:05.795+0000] {logging_mixin.py:188} INFO - [2026-04-25T10:23:05.795+0000] {dag.py:3036} INFO - Sync 1 DAGs
[2026-04-25T10:23:05.992+0000] {logging_mixin.py:188} INFO - [2026-04-25T10:23:05.991+0000] {dag.py:3823} INFO - Setting next_dagrun for batch_pipeline to 2026-04-25 10:22:00+00:00, run_after=2026-04-25 10:24:00+00:00
[2026-04-25T10:23:06.021+0000] {processor.py:183} INFO - Processing /opt/airflow/dags/batch_pipeline_dag.py took 0.281 seconds
[2026-04-25T10:23:36.241+0000] {processor.py:161} INFO - Started process (PID=110) to work on /opt/airflow/dags/batch_pipeline_dag.py
[2026-04-25T10:23:36.242+0000] {processor.py:830} INFO - Processing file /opt/airflow/dags/batch_pipeline_dag.py for tasks to queue
[2026-04-25T10:23:36.243+0000] {logging_mixin.py:188} INFO - [2026-04-25T10:23:36.242+0000] {dagbag.py:538} INFO - Filling up the DagBag from /opt/airflow/dags/batch_pipeline_dag.py
[2026-04-25T10:23:36.257+0000] {processor.py:840} INFO - DAG(s) 'batch_pipeline' retrieved from /opt/airflow/dags/batch_pipeline_dag.py
[2026-04-25T10:23:36.293+0000] {logging_mixin.py:188} INFO - [2026-04-25T10:23:36.293+0000] {dag.py:3036} INFO - Sync 1 DAGs
[2026-04-25T10:23:36.327+0000] {logging_mixin.py:188} INFO - [2026-04-25T10:23:36.327+0000] {dag.py:3823} INFO - Setting next_dagrun for batch_pipeline to 2026-04-25 10:22:00+00:00, run_after=2026-04-25 10:24:00+00:00
[2026-04-25T10:23:36.357+0000] {processor.py:183} INFO - Processing /opt/airflow/dags/batch_pipeline_dag.py took 0.119 seconds
[2026-04-25T10:24:06.449+0000] {processor.py:161} INFO - Started process (PID=111) to work on /opt/airflow/dags/batch_pipeline_dag.py
[2026-04-25T10:24:06.452+0000] {processor.py:830} INFO - Processing file /opt/airflow/dags/batch_pipeline_dag.py for tasks to queue
[2026-04-25T10:24:06.453+0000] {logging_mixin.py:188} INFO - [2026-04-25T10:24:06.453+0000] {dagbag.py:538} INFO - Filling up the DagBag from /opt/airflow/dags/batch_pipeline_dag.py
[2026-04-25T10:24:06.462+0000] {processor.py:840} INFO - DAG(s) 'batch_pipeline' retrieved from /opt/airflow/dags/batch_pipeline_dag.py
[2026-04-25T10:24:06.498+0000] {logging_mixin.py:188} INFO - [2026-04-25T10:24:06.498+0000] {dag.py:3036} INFO - Sync 1 DAGs
[2026-04-25T10:24:06.533+0000] {logging_mixin.py:188} INFO - [2026-04-25T10:24:06.532+0000] {dag.py:3823} INFO - Setting next_dagrun for batch_pipeline to 2026-04-25 10:24:00+00:00, run_after=2026-04-25 10:26:00+00:00
[2026-04-25T10:24:06.558+0000] {processor.py:183} INFO - Processing /opt/airflow/dags/batch_pipeline_dag.py took 0.114 seconds
[2026-04-25T10:24:36.774+0000] {processor.py:161} INFO - Started process (PID=112) to work on /opt/airflow/dags/batch_pipeline_dag.py
[2026-04-25T10:24:36.775+0000] {processor.py:830} INFO - Processing file /opt/airflow/dags/batch_pipeline_dag.py for tasks to queue
[2026-04-25T10:24:36.777+0000] {logging_mixin.py:188} INFO - [2026-04-25T10:24:36.777+0000] {dagbag.py:538} INFO - Filling up the DagBag from /opt/airflow/dags/batch_pipeline_dag.py
[2026-04-25T10:24:36.811+0000] {processor.py:840} INFO - DAG(s) 'batch_pipeline' retrieved from /opt/airflow/dags/batch_pipeline_dag.py
[2026-04-25T10:24:36.888+0000] {logging_mixin.py:188} INFO - [2026-04-25T10:24:36.888+0000] {dag.py:3036} INFO - Sync 1 DAGs
[2026-04-25T10:24:36.925+0000] {logging_mixin.py:188} INFO - [2026-04-25T10:24:36.924+0000] {dag.py:3823} INFO - Setting next_dagrun for batch_pipeline to 2026-04-25 10:24:00+00:00, run_after=2026-04-25 10:26:00+00:00
[2026-04-25T10:24:36.960+0000] {processor.py:183} INFO - Processing /opt/airflow/dags/batch_pipeline_dag.py took 0.194 seconds
[2026-04-25T10:25:06.990+0000] {processor.py:161} INFO - Started process (PID=113) to work on /opt/airflow/dags/batch_pipeline_dag.py
[2026-04-25T10:25:06.993+0000] {processor.py:830} INFO - Processing file /opt/airflow/dags/batch_pipeline_dag.py for tasks to queue
[2026-04-25T10:25:06.995+0000] {logging_mixin.py:188} INFO - [2026-04-25T10:25:06.994+0000] {dagbag.py:538} INFO - Filling up the DagBag from /opt/airflow/dags/batch_pipeline_dag.py
[2026-04-25T10:25:07.006+0000] {processor.py:840} INFO - DAG(s) 'batch_pipeline' retrieved from /opt/airflow/dags/batch_pipeline_dag.py
[2026-04-25T10:25:07.052+0000] {logging_mixin.py:188} INFO - [2026-04-25T10:25:07.051+0000] {dag.py:3036} INFO - Sync 1 DAGs
[2026-04-25T10:25:07.087+0000] {logging_mixin.py:188} INFO - [2026-04-25T10:25:07.086+0000] {dag.py:3823} INFO - Setting next_dagrun for batch_pipeline to 2026-04-25 10:24:00+00:00, run_after=2026-04-25 10:26:00+00:00
[2026-04-25T10:25:07.115+0000] {processor.py:183} INFO - Processing /opt/airflow/dags/batch_pipeline_dag.py took 0.129 seconds
[2026-04-25T10:25:37.197+0000] {processor.py:161} INFO - Started process (PID=114) to work on /opt/airflow/dags/batch_pipeline_dag.py
[2026-04-25T10:25:37.198+0000] {processor.py:830} INFO - Processing file /opt/airflow/dags/batch_pipeline_dag.py for tasks to queue
[2026-04-25T10:25:37.199+0000] {logging_mixin.py:188} INFO - [2026-04-25T10:25:37.199+0000] {dagbag.py:538} INFO - Filling up the DagBag from /opt/airflow/dags/batch_pipeline_dag.py
[2026-04-25T10:25:37.208+0000] {processor.py:840} INFO - DAG(s) 'batch_pipeline' retrieved from /opt/airflow/dags/batch_pipeline_dag.py
[2026-04-25T10:25:37.250+0000] {logging_mixin.py:188} INFO - [2026-04-25T10:25:37.250+0000] {dag.py:3036} INFO - Sync 1 DAGs
[2026-04-25T10:25:37.292+0000] {logging_mixin.py:188} INFO - [2026-04-25T10:25:37.291+0000] {dag.py:3823} INFO - Setting next_dagrun for batch_pipeline to 2026-04-25 10:24:00+00:00, run_after=2026-04-25 10:26:00+00:00
[2026-04-25T10:25:37.487+0000] {processor.py:183} INFO - Processing /opt/airflow/dags/batch_pipeline_dag.py took 0.296 seconds
[2026-04-25T10:26:07.697+0000] {processor.py:161} INFO - Started process (PID=115) to work on /opt/airflow/dags/batch_pipeline_dag.py
[2026-04-25T10:26:07.700+0000] {processor.py:830} INFO - Processing file /opt/airflow/dags/batch_pipeline_dag.py for tasks to queue
[2026-04-25T10:26:07.704+0000] {logging_mixin.py:188} INFO - [2026-04-25T10:26:07.702+0000] {dagbag.py:538} INFO - Filling up the DagBag from /opt/airflow/dags/batch_pipeline_dag.py
[2026-04-25T10:26:07.716+0000] {processor.py:840} INFO - DAG(s) 'batch_pipeline' retrieved from /opt/airflow/dags/batch_pipeline_dag.py
[2026-04-25T10:26:07.758+0000] {logging_mixin.py:188} INFO - [2026-04-25T10:26:07.758+0000] {dag.py:3036} INFO - Sync 1 DAGs
[2026-04-25T10:26:07.948+0000] {logging_mixin.py:188} INFO - [2026-04-25T10:26:07.948+0000] {dag.py:3823} INFO - Setting next_dagrun for batch_pipeline to 2026-04-25 10:26:00+00:00, run_after=2026-04-25 10:28:00+00:00
[2026-04-25T10:26:07.981+0000] {processor.py:183} INFO - Processing /opt/airflow/dags/batch_pipeline_dag.py took 0.289 seconds
[2026-04-25T10:26:38.204+0000] {processor.py:161} INFO - Started process (PID=116) to work on /opt/airflow/dags/batch_pipeline_dag.py
[2026-04-25T10:26:38.205+0000] {processor.py:830} INFO - Processing file /opt/airflow/dags/batch_pipeline_dag.py for tasks to queue
[2026-04-25T10:26:38.206+0000] {logging_mixin.py:188} INFO - [2026-04-25T10:26:38.205+0000] {dagbag.py:538} INFO - Filling up the DagBag from /opt/airflow/dags/batch_pipeline_dag.py
[2026-04-25T10:26:38.217+0000] {processor.py:840} INFO - DAG(s) 'batch_pipeline' retrieved from /opt/airflow/dags/batch_pipeline_dag.py
[2026-04-25T10:26:38.270+0000] {logging_mixin.py:188} INFO - [2026-04-25T10:26:38.269+0000] {dag.py:3036} INFO - Sync 1 DAGs
[2026-04-25T10:26:38.319+0000] {logging_mixin.py:188} INFO - [2026-04-25T10:26:38.319+0000] {dag.py:3823} INFO - Setting next_dagrun for batch_pipeline to 2026-04-25 10:26:00+00:00, run_after=2026-04-25 10:28:00+00:00
[2026-04-25T10:26:38.363+0000] {processor.py:183} INFO - Processing /opt/airflow/dags/batch_pipeline_dag.py took 0.163 seconds
[2026-04-25T10:27:08.437+0000] {processor.py:161} INFO - Started process (PID=117) to work on /opt/airflow/dags/batch_pipeline_dag.py
[2026-04-25T10:27:08.478+0000] {processor.py:830} INFO - Processing file /opt/airflow/dags/batch_pipeline_dag.py for tasks to queue
[2026-04-25T10:27:08.480+0000] {logging_mixin.py:188} INFO - [2026-04-25T10:27:08.479+0000] {dagbag.py:538} INFO - Filling up the DagBag from /opt/airflow/dags/batch_pipeline_dag.py
[2026-04-25T10:27:08.491+0000] {processor.py:840} INFO - DAG(s) 'batch_pipeline' retrieved from /opt/airflow/dags/batch_pipeline_dag.py
[2026-04-25T10:27:08.548+0000] {logging_mixin.py:188} INFO - [2026-04-25T10:27:08.548+0000] {dag.py:3036} INFO - Sync 1 DAGs
[2026-04-25T10:27:08.609+0000] {logging_mixin.py:188} INFO - [2026-04-25T10:27:08.609+0000] {dag.py:3823} INFO - Setting next_dagrun for batch_pipeline to 2026-04-25 10:26:00+00:00, run_after=2026-04-25 10:28:00+00:00
[2026-04-25T10:27:08.645+0000] {processor.py:183} INFO - Processing /opt/airflow/dags/batch_pipeline_dag.py took 0.212 seconds
[2026-04-25T10:27:38.832+0000] {processor.py:161} INFO - Started process (PID=118) to work on /opt/airflow/dags/batch_pipeline_dag.py
[2026-04-25T10:27:38.833+0000] {processor.py:830} INFO - Processing file /opt/airflow/dags/batch_pipeline_dag.py for tasks to queue
[2026-04-25T10:27:38.834+0000] {logging_mixin.py:188} INFO - [2026-04-25T10:27:38.833+0000] {dagbag.py:538} INFO - Filling up the DagBag from /opt/airflow/dags/batch_pipeline_dag.py
[2026-04-25T10:27:38.845+0000] {processor.py:840} INFO - DAG(s) 'batch_pipeline' retrieved from /opt/airflow/dags/batch_pipeline_dag.py
[2026-04-25T10:27:38.891+0000] {logging_mixin.py:188} INFO - [2026-04-25T10:27:38.891+0000] {dag.py:3036} INFO - Sync 1 DAGs
[2026-04-25T10:27:38.931+0000] {logging_mixin.py:188} INFO - [2026-04-25T10:27:38.931+0000] {dag.py:3823} INFO - Setting next_dagrun for batch_pipeline to 2026-04-25 10:26:00+00:00, run_after=2026-04-25 10:28:00+00:00
[2026-04-25T10:27:38.961+0000] {processor.py:183} INFO - Processing /opt/airflow/dags/batch_pipeline_dag.py took 0.133 seconds
