[2026-04-24T11:24:01.644+0000] {taskinstance.py:1956} INFO - Dependencies all met for dep_context=non-requeueable deps ti=<TaskInstance: batch_pipeline.batch_process scheduled__2026-04-24T11:22:00+00:00 [queued]>
[2026-04-24T11:24:01.655+0000] {taskinstance.py:1956} INFO - Dependencies all met for dep_context=requeueable deps ti=<TaskInstance: batch_pipeline.batch_process scheduled__2026-04-24T11:22:00+00:00 [queued]>
[2026-04-24T11:24:01.656+0000] {taskinstance.py:2170} INFO - Starting attempt 1 of 2
[2026-04-24T11:24:01.676+0000] {taskinstance.py:2191} INFO - Executing <Task(PythonOperator): batch_process> on 2026-04-24 11:22:00+00:00
[2026-04-24T11:24:01.683+0000] {standard_task_runner.py:60} INFO - Started process 80 to run task
[2026-04-24T11:24:01.688+0000] {standard_task_runner.py:87} INFO - Running: ['***', 'tasks', 'run', 'batch_pipeline', 'batch_process', 'scheduled__2026-04-24T11:22:00+00:00', '--job-id', '14', '--raw', '--subdir', 'DAGS_FOLDER/batch_pipeline_dag.py', '--cfg-path', '/tmp/tmpzv65tvf9']
[2026-04-24T11:24:01.690+0000] {standard_task_runner.py:88} INFO - Job 14: Subtask batch_process
[2026-04-24T11:24:01.765+0000] {task_command.py:423} INFO - Running <TaskInstance: batch_pipeline.batch_process scheduled__2026-04-24T11:22:00+00:00 [running]> on host f50b9da99e5a
[2026-04-24T11:24:01.889+0000] {taskinstance.py:2480} INFO - Exporting env vars: AIRFLOW_CTX_DAG_OWNER='ikram' AIRFLOW_CTX_DAG_ID='batch_pipeline' AIRFLOW_CTX_TASK_ID='batch_process' AIRFLOW_CTX_EXECUTION_DATE='2026-04-24T11:22:00+00:00' AIRFLOW_CTX_TRY_NUMBER='1' AIRFLOW_CTX_DAG_RUN_ID='scheduled__2026-04-24T11:22:00+00:00'
[2026-04-24T11:24:01.891+0000] {logging_mixin.py:188} INFO - 📖 READ from /tmp/batch_counter.txt: value = 4
[2026-04-24T11:24:01.893+0000] {logging_mixin.py:188} INFO - ⚙️ PROCESS: 4 → 5
[2026-04-24T11:24:01.893+0000] {logging_mixin.py:188} INFO - 💾 WRITE to /tmp/batch_counter.txt: value = 5
[2026-04-24T11:24:01.893+0000] {python.py:201} INFO - Done. Returned value was: 5
[2026-04-24T11:24:01.922+0000] {taskinstance.py:1138} INFO - Marking task as SUCCESS. dag_id=batch_pipeline, task_id=batch_process, execution_date=20260424T112200, start_date=20260424T112401, end_date=20260424T112401
[2026-04-24T11:24:01.980+0000] {local_task_job_runner.py:234} INFO - Task exited with return code 0
[2026-04-24T11:24:02.014+0000] {taskinstance.py:3280} INFO - 1 downstream tasks scheduled from follow-on schedule check
[2026-04-24T11:26:05.686+0000] {taskinstance.py:1956} INFO - Dependencies all met for dep_context=non-requeueable deps ti=<TaskInstance: batch_pipeline.batch_process scheduled__2026-04-24T11:22:00+00:00 [queued]>
[2026-04-24T11:26:05.704+0000] {taskinstance.py:1956} INFO - Dependencies all met for dep_context=requeueable deps ti=<TaskInstance: batch_pipeline.batch_process scheduled__2026-04-24T11:22:00+00:00 [queued]>
[2026-04-24T11:26:05.705+0000] {taskinstance.py:2170} INFO - Starting attempt 1 of 2
[2026-04-24T11:26:05.741+0000] {taskinstance.py:2191} INFO - Executing <Task(PythonOperator): batch_process> on 2026-04-24 11:22:00+00:00
[2026-04-24T11:26:05.752+0000] {standard_task_runner.py:60} INFO - Started process 50 to run task
[2026-04-24T11:26:05.759+0000] {standard_task_runner.py:87} INFO - Running: ['***', 'tasks', 'run', 'batch_pipeline', 'batch_process', 'scheduled__2026-04-24T11:22:00+00:00', '--job-id', '3', '--raw', '--subdir', 'DAGS_FOLDER/batch_pipeline_dag.py', '--cfg-path', '/tmp/tmp7nhp8i35']
[2026-04-24T11:26:05.762+0000] {standard_task_runner.py:88} INFO - Job 3: Subtask batch_process
[2026-04-24T11:26:05.847+0000] {task_command.py:423} INFO - Running <TaskInstance: batch_pipeline.batch_process scheduled__2026-04-24T11:22:00+00:00 [running]> on host 7f1c9a6b61b7
[2026-04-24T11:26:05.998+0000] {taskinstance.py:2480} INFO - Exporting env vars: AIRFLOW_CTX_DAG_OWNER='ikram' AIRFLOW_CTX_DAG_ID='batch_pipeline' AIRFLOW_CTX_TASK_ID='batch_process' AIRFLOW_CTX_EXECUTION_DATE='2026-04-24T11:22:00+00:00' AIRFLOW_CTX_TRY_NUMBER='1' AIRFLOW_CTX_DAG_RUN_ID='scheduled__2026-04-24T11:22:00+00:00'
[2026-04-24T11:26:05.999+0000] {logging_mixin.py:188} INFO - 📁 No file at /tmp/batch_counter.txt, starting from 0
[2026-04-24T11:26:05.999+0000] {logging_mixin.py:188} INFO - ⚙️ PROCESS: 0 → 1
[2026-04-24T11:26:06.000+0000] {logging_mixin.py:188} INFO - 💾 WRITE to /tmp/batch_counter.txt: value = 1
[2026-04-24T11:26:06.001+0000] {python.py:201} INFO - Done. Returned value was: 1
[2026-04-24T11:26:06.047+0000] {taskinstance.py:1138} INFO - Marking task as SUCCESS. dag_id=batch_pipeline, task_id=batch_process, execution_date=20260424T112200, start_date=20260424T112605, end_date=20260424T112606
[2026-04-24T11:26:06.094+0000] {local_task_job_runner.py:234} INFO - Task exited with return code 0
[2026-04-24T11:26:06.137+0000] {taskinstance.py:3280} INFO - 1 downstream tasks scheduled from follow-on schedule check
